17:10:25 **** Build of project port_test_bsp ****
make -k all 
"Running Make include in microblaze_0/libsrc/bram_v4_2/src"
make -C microblaze_0/libsrc/bram_v4_2/src -s include  "SHELL=CMD" "COMPILER=mb-gcc" "ARCHIVER=mb-ar" "COMPILER_FLAGS= -O2 -c -mcpu=v10.0 -mlittle-endian -mno-xl-reorder -mno-xl-soft-mul -mxl-barrel-shift -mxl-pattern-compare" "EXTRA_COMPILER_FLAGS=-ffunction-sections -fdata-sections -Wall -Wextra"
"Running Make include in microblaze_0/libsrc/cpu_v2_6/src"
make -C microblaze_0/libsrc/cpu_v2_6/src -s include  "SHELL=CMD" "COMPILER=mb-gcc" "ARCHIVER=mb-ar" "COMPILER_FLAGS= -O2 -c -mcpu=v10.0 -mlittle-endian -mno-xl-reorder -mno-xl-soft-mul -mxl-barrel-shift -mxl-pattern-compare" "EXTRA_COMPILER_FLAGS=-ffunction-sections -fdata-sections -Wall -Wextra"
"Running Make include in microblaze_0/libsrc/gpio_v4_3/src"
make -C microblaze_0/libsrc/gpio_v4_3/src -s include  "SHELL=CMD" "COMPILER=mb-gcc" "ARCHIVER=mb-ar" "COMPILER_FLAGS= -O2 -c -mcpu=v10.0 -mlittle-endian -mno-xl-reorder -mno-xl-soft-mul -mxl-barrel-shift -mxl-pattern-compare" "EXTRA_COMPILER_FLAGS=-ffunction-sections -fdata-sections -Wall -Wextra"
"Running Make include in microblaze_0/libsrc/hwicap_v11_1/src"
make -C microblaze_0/libsrc/hwicap_v11_1/src -s include  "SHELL=CMD" "COMPILER=mb-gcc" "ARCHIVER=mb-ar" "COMPILER_FLAGS= -O2 -c -mcpu=v10.0 -mlittle-endian -mno-xl-reorder -mno-xl-soft-mul -mxl-barrel-shift -mxl-pattern-compare" "EXTRA_COMPILER_FLAGS=-ffunction-sections -fdata-sections -Wall -Wextra"
"Running Make include in microblaze_0/libsrc/iic_v3_4/src"
make -C microblaze_0/libsrc/iic_v3_4/src -s include  "SHELL=CMD" "COMPILER=mb-gcc" "ARCHIVER=mb-ar" "COMPILER_FLAGS= -O2 -c -mcpu=v10.0 -mlittle-endian -mno-xl-reorder -mno-xl-soft-mul -mxl-barrel-shift -mxl-pattern-compare" "EXTRA_COMPILER_FLAGS=-ffunction-sections -fdata-sections -Wall -Wextra"
"Running Make include in microblaze_0/libsrc/intc_v3_7/src"
make -C microblaze_0/libsrc/intc_v3_7/src -s include  "SHELL=CMD" "COMPILER=mb-gcc" "ARCHIVER=mb-ar" "COMPILER_FLAGS= -O2 -c -mcpu=v10.0 -mlittle-endian -mno-xl-reorder -mno-xl-soft-mul -mxl-barrel-shift -mxl-pattern-compare" "EXTRA_COMPILER_FLAGS=-ffunction-sections -fdata-sections -Wall -Wextra"
"Running Make include in microblaze_0/libsrc/llfifo_v5_2/src"
make -C microblaze_0/libsrc/llfifo_v5_2/src -s include  "SHELL=CMD" "COMPILER=mb-gcc" "ARCHIVER=mb-ar" "COMPILER_FLAGS= -O2 -c -mcpu=v10.0 -mlittle-endian -mno-xl-reorder -mno-xl-soft-mul -mxl-barrel-shift -mxl-pattern-compare" "EXTRA_COMPILER_FLAGS=-ffunction-sections -fdata-sections -Wall -Wextra"
"Running Make include in microblaze_0/libsrc/standalone_v6_5/src"
make -C microblaze_0/libsrc/standalone_v6_5/src -s include  "SHELL=CMD" "COMPILER=mb-gcc" "ARCHIVER=mb-ar" "COMPILER_FLAGS= -O2 -c -mcpu=v10.0 -mlittle-endian -mno-xl-reorder -mno-xl-soft-mul -mxl-barrel-shift -mxl-pattern-compare" "EXTRA_COMPILER_FLAGS=-ffunction-sections -fdata-sections -Wall -Wextra"
"Running Make include in microblaze_0/libsrc/sysmon_v7_4/src"
make -C microblaze_0/libsrc/sysmon_v7_4/src -s include  "SHELL=CMD" "COMPILER=mb-gcc" "ARCHIVER=mb-ar" "COMPILER_FLAGS= -O2 -c -mcpu=v10.0 -mlittle-endian -mno-xl-reorder -mno-xl-soft-mul -mxl-barrel-shift -mxl-pattern-compare" "EXTRA_COMPILER_FLAGS=-ffunction-sections -fdata-sections -Wall -Wextra"
"Running Make include in microblaze_0/libsrc/tmrctr_v4_4/src"
make -C microblaze_0/libsrc/tmrctr_v4_4/src -s include  "SHELL=CMD" "COMPILER=mb-gcc" "ARCHIVER=mb-ar" "COMPILER_FLAGS= -O2 -c -mcpu=v10.0 -mlittle-endian -mno-xl-reorder -mno-xl-soft-mul -mxl-barrel-shift -mxl-pattern-compare" "EXTRA_COMPILER_FLAGS=-ffunction-sections -fdata-sections -Wall -Wextra"
"Running Make include in microblaze_0/libsrc/uartlite_v3_2/src"
make -C microblaze_0/libsrc/uartlite_v3_2/src -s include  "SHELL=CMD" "COMPILER=mb-gcc" "ARCHIVER=mb-ar" "COMPILER_FLAGS= -O2 -c -mcpu=v10.0 -mlittle-endian -mno-xl-reorder -mno-xl-soft-mul -mxl-barrel-shift -mxl-pattern-compare" "EXTRA_COMPILER_FLAGS=-ffunction-sections -fdata-sections -Wall -Wextra"
"Running Make libs in microblaze_0/libsrc/bram_v4_2/src"
make -C microblaze_0/libsrc/bram_v4_2/src -s libs  "SHELL=CMD" "COMPILER=mb-gcc" "ARCHIVER=mb-ar" "COMPILER_FLAGS= -O2 -c -mcpu=v10.0 -mlittle-endian -mno-xl-reorder -mno-xl-soft-mul -mxl-barrel-shift -mxl-pattern-compare" "EXTRA_COMPILER_FLAGS=-ffunction-sections -fdata-sections -Wall -Wextra"
"Compiling bram"
mb-ar: creating ../../../lib/libxil.a
"Running Make libs in microblaze_0/libsrc/cpu_v2_6/src"
make -C microblaze_0/libsrc/cpu_v2_6/src -s libs  "SHELL=CMD" "COMPILER=mb-gcc" "ARCHIVER=mb-ar" "COMPILER_FLAGS= -O2 -c -mcpu=v10.0 -mlittle-endian -mno-xl-reorder -mno-xl-soft-mul -mxl-barrel-shift -mxl-pattern-compare" "EXTRA_COMPILER_FLAGS=-ffunction-sections -fdata-sections -Wall -Wextra"
"Compiling cpu"
"Running Make libs in microblaze_0/libsrc/gpio_v4_3/src"
make -C microblaze_0/libsrc/gpio_v4_3/src -s libs  "SHELL=CMD" "COMPILER=mb-gcc" "ARCHIVER=mb-ar" "COMPILER_FLAGS= -O2 -c -mcpu=v10.0 -mlittle-endian -mno-xl-reorder -mno-xl-soft-mul -mxl-barrel-shift -mxl-pattern-compare" "EXTRA_COMPILER_FLAGS=-ffunction-sections -fdata-sections -Wall -Wextra"
"Compiling gpio"
"Running Make libs in microblaze_0/libsrc/hwicap_v11_1/src"
make -C microblaze_0/libsrc/hwicap_v11_1/src -s libs  "SHELL=CMD" "COMPILER=mb-gcc" "ARCHIVER=mb-ar" "COMPILER_FLAGS= -O2 -c -mcpu=v10.0 -mlittle-endian -mno-xl-reorder -mno-xl-soft-mul -mxl-barrel-shift -mxl-pattern-compare" "EXTRA_COMPILER_FLAGS=-ffunction-sections -fdata-sections -Wall -Wextra"
"Compiling hwicap"
"Running Make libs in microblaze_0/libsrc/iic_v3_4/src"
make -C microblaze_0/libsrc/iic_v3_4/src -s libs  "SHELL=CMD" "COMPILER=mb-gcc" "ARCHIVER=mb-ar" "COMPILER_FLAGS= -O2 -c -mcpu=v10.0 -mlittle-endian -mno-xl-reorder -mno-xl-soft-mul -mxl-barrel-shift -mxl-pattern-compare" "EXTRA_COMPILER_FLAGS=-ffunction-sections -fdata-sections -Wall -Wextra"
"Compiling iic"
"Running Make libs in microblaze_0/libsrc/intc_v3_7/src"
make -C microblaze_0/libsrc/intc_v3_7/src -s libs  "SHELL=CMD" "COMPILER=mb-gcc" "ARCHIVER=mb-ar" "COMPILER_FLAGS= -O2 -c -mcpu=v10.0 -mlittle-endian -mno-xl-reorder -mno-xl-soft-mul -mxl-barrel-shift -mxl-pattern-compare" "EXTRA_COMPILER_FLAGS=-ffunction-sections -fdata-sections -Wall -Wextra"
"Compiling intc"
"Running Make libs in microblaze_0/libsrc/llfifo_v5_2/src"
make -C microblaze_0/libsrc/llfifo_v5_2/src -s libs  "SHELL=CMD" "COMPILER=mb-gcc" "ARCHIVER=mb-ar" "COMPILER_FLAGS= -O2 -c -mcpu=v10.0 -mlittle-endian -mno-xl-reorder -mno-xl-soft-mul -mxl-barrel-shift -mxl-pattern-compare" "EXTRA_COMPILER_FLAGS=-ffunction-sections -fdata-sections -Wall -Wextra"
"Compiling llfifo"
"Running Make libs in microblaze_0/libsrc/standalone_v6_5/src"
make -C microblaze_0/libsrc/standalone_v6_5/src -s libs  "SHELL=CMD" "COMPILER=mb-gcc" "ARCHIVER=mb-ar" "COMPILER_FLAGS= -O2 -c -mcpu=v10.0 -mlittle-endian -mno-xl-reorder -mno-xl-soft-mul -mxl-barrel-shift -mxl-pattern-compare" "EXTRA_COMPILER_FLAGS=-ffunction-sections -fdata-sections -Wall -Wextra"
"Compiling standalone";
"Running Make libs in microblaze_0/libsrc/sysmon_v7_4/src"
make -C microblaze_0/libsrc/sysmon_v7_4/src -s libs  "SHELL=CMD" "COMPILER=mb-gcc" "ARCHIVER=mb-ar" "COMPILER_FLAGS= -O2 -c -mcpu=v10.0 -mlittle-endian -mno-xl-reorder -mno-xl-soft-mul -mxl-barrel-shift -mxl-pattern-compare" "EXTRA_COMPILER_FLAGS=-ffunction-sections -fdata-sections -Wall -Wextra"
"Compiling sysmon"
"Running Make libs in microblaze_0/libsrc/tmrctr_v4_4/src"
make -C microblaze_0/libsrc/tmrctr_v4_4/src -s libs  "SHELL=CMD" "COMPILER=mb-gcc" "ARCHIVER=mb-ar" "COMPILER_FLAGS= -O2 -c -mcpu=v10.0 -mlittle-endian -mno-xl-reorder -mno-xl-soft-mul -mxl-barrel-shift -mxl-pattern-compare" "EXTRA_COMPILER_FLAGS=-ffunction-sections -fdata-sections -Wall -Wextra"
"Compiling tmrctr"
"Running Make libs in microblaze_0/libsrc/uartlite_v3_2/src"
make -C microblaze_0/libsrc/uartlite_v3_2/src -s libs  "SHELL=CMD" "COMPILER=mb-gcc" "ARCHIVER=mb-ar" "COMPILER_FLAGS= -O2 -c -mcpu=v10.0 -mlittle-endian -mno-xl-reorder -mno-xl-soft-mul -mxl-barrel-shift -mxl-pattern-compare" "EXTRA_COMPILER_FLAGS=-ffunction-sections -fdata-sections -Wall -Wextra"
"Compiling uartlite"
'Finished building libraries'

**** Build of configuration Debug for project port_test ****

Nothing to build for project port_test
17:10:46 **** Auto Build of configuration Debug for project port_test ****
make all 
'Building file: ../src/SysInitialize.c'
'Invoking: MicroBlaze gcc compiler'
mb-gcc -Wall -O0 -g3 -c -fmessage-length=0 -MT"src/SysInitialize.o" -I../../port_test_bsp/microblaze_0/include -mno-xl-reorder -mlittle-endian -mxl-barrel-shift -mxl-pattern-compare -mcpu=v10.0 -mno-xl-soft-mul -Wl,--no-relax -ffunction-sections -fdata-sections -MMD -MP -MF"src/SysInitialize.d" -MT"src/SysInitialize.o" -o "src/SysInitialize.o" "../src/SysInitialize.c"
../src/SysInitialize.c: In function 'GPIO_Initialize':
../src/SysInitialize.c:11:31: warning: passing argument 1 of 'XGpio_Initialize' from incompatible pointer type [-Wincompatible-pointer-types]
     status = XGpio_Initialize(&InstancePtr, DeviceId);
                               ^
In file included from ../src/SysInitialize.h:12:0,
                 from ../src/SysInitialize.c:1:
../../port_test_bsp/microblaze_0/include/xgpio.h:172:5: note: expected 'XGpio * {aka struct <anonymous> *}' but argument is of type 'XGpio ** {aka struct <anonymous> **}'
 int XGpio_Initialize(XGpio *InstancePtr, u16 DeviceId);
     ^~~~~~~~~~~~~~~~
../src/SysInitialize.c: In function 'UART_Initialize':
../src/SysInitialize.c:30:35: warning: passing argument 1 of 'XUartLite_Initialize' from incompatible pointer type [-Wincompatible-pointer-types]
     status = XUartLite_Initialize(&InstancePtr, DeviceId);
                                   ^
In file included from ../src/SysInitialize.h:13:0,
                 from ../src/SysInitialize.c:1:
../../port_test_bsp/microblaze_0/include/xuartlite.h:244:5: note: expected 'XUartLite * {aka struct <anonymous> *}' but argument is of type 'XUartLite ** {aka struct <anonymous> **}'
 int XUartLite_Initialize(XUartLite *InstancePtr, u16 DeviceId);
     ^~~~~~~~~~~~~~~~~~~~
../src/SysInitialize.c: In function 'Timer_Initialize':
../src/SysInitialize.c:49:33: warning: passing argument 1 of 'XTmrCtr_Initialize' from incompatible pointer type [-Wincompatible-pointer-types]
     status = XTmrCtr_Initialize(&InstancePtr, DeviceId);
                                 ^
In file included from ../src/SysInitialize.h:14:0,
                 from ../src/SysInitialize.c:1:
../../port_test_bsp/microblaze_0/include/xtmrctr.h:281:5: note: expected 'XTmrCtr * {aka struct <anonymous> *}' but argument is of type 'XTmrCtr ** {aka struct <anonymous> **}'
 int XTmrCtr_Initialize(XTmrCtr * InstancePtr, u16 DeviceId);
     ^~~~~~~~~~~~~~~~~~
../src/SysInitialize.c: In function 'Intc_Initialize':
../src/SysInitialize.c:68:31: warning: passing argument 1 of 'XIntc_Initialize' from incompatible pointer type [-Wincompatible-pointer-types]
     status = XIntc_Initialize(&InstancePtr, DeviceId);
                               ^
In file included from ../src/SysInitialize.h:17:0,
                 from ../src/SysInitialize.c:1:
../../port_test_bsp/microblaze_0/include/xintc.h:335:5: note: expected 'XIntc * {aka struct <anonymous> *}' but argument is of type 'XIntc ** {aka struct <anonymous> **}'
 int XIntc_Initialize(XIntc * InstancePtr, u16 DeviceId);
     ^~~~~~~~~~~~~~~~
../src/SysInitialize.c: In function 'Sys_Initialize':
../src/SysInitialize.c:86:11: warning: implicit declaration of function 'GPIOInitialize' [-Wimplicit-function-declaration]
  status = GPIOInitialize(&Gpio_led,GPIO_LED_DEVICE_ID,"GPIO_LED");
           ^~~~~~~~~~~~~~
'Finished building: ../src/SysInitialize.c'
' '
'Building file: ../src/main.c'
'Invoking: MicroBlaze gcc compiler'
mb-gcc -Wall -O0 -g3 -c -fmessage-length=0 -MT"src/main.o" -I../../port_test_bsp/microblaze_0/include -mno-xl-reorder -mlittle-endian -mxl-barrel-shift -mxl-pattern-compare -mcpu=v10.0 -mno-xl-soft-mul -Wl,--no-relax -ffunction-sections -fdata-sections -MMD -MP -MF"src/main.d" -MT"src/main.o" -o "src/main.o" "../src/main.c"
../src/main.c: In function 'main':
../src/main.c:103:5: warning: unused variable 'tx_index' [-Wunused-variable]
  u8 tx_index = 0;
     ^~~~~~~~
../src/main.c:101:6: warning: variable 'Status' set but not used [-Wunused-but-set-variable]
  int Status;
      ^~~~~~
'Finished building: ../src/main.c'
' '
'Building file: ../src/xuartlite_intr_example.c'
'Invoking: MicroBlaze gcc compiler'
mb-gcc -Wall -O0 -g3 -c -fmessage-length=0 -MT"src/xuartlite_intr_example.o" -I../../port_test_bsp/microblaze_0/include -mno-xl-reorder -mlittle-endian -mxl-barrel-shift -mxl-pattern-compare -mcpu=v10.0 -mno-xl-soft-mul -Wl,--no-relax -ffunction-sections -fdata-sections -MMD -MP -MF"src/xuartlite_intr_example.d" -MT"src/xuartlite_intr_example.o" -o "src/xuartlite_intr_example.o" "../src/xuartlite_intr_example.c"
'Finished building: ../src/xuartlite_intr_example.c'
' '
'Building target: port_test.elf'
'Invoking: MicroBlaze gcc linker'
mb-gcc -Wl,-T -Wl,../src/lscript.ld -L../../port_test_bsp/microblaze_0/lib -mlittle-endian -mxl-barrel-shift -mxl-pattern-compare -mcpu=v10.0 -mno-xl-soft-mul -Wl,--no-relax -Wl,--gc-sections -o "port_test.elf"  ./src/SysInitialize.o ./src/main.o ./src/xuartlite_intr_example.o   -Wl,--start-group,-lxil,-lgcc,-lc,--end-group
'Finished building target: port_test.elf'
' '
'Invoking: MicroBlaze Print Size'
mb-size port_test.elf  |tee "port_test.elf.size"
   text	   data	    bss	    dec	    hex	filename
  10692	    412	   3680	  14784	   39c0	port_test.elf
'Finished building: port_test.elf.size'
' '
21:33:51 **** Incremental Build of configuration Debug for project port_test ****
make all 
make: Nothing to be done for `all'.
21:34:13 **** Incremental Build of configuration Debug for project port_test ****
make all 
make: Nothing to be done for `all'.
21:37:11 **** Incremental Build of configuration Debug for project port_test ****
make all 
make: Nothing to be done for `all'.
21:37:35 **** Auto Build of configuration Debug for project port_test ****
make all 
'Building file: ../src/main.c'
'Invoking: MicroBlaze gcc compiler'
mb-gcc -Wall -O0 -g3 -c -fmessage-length=0 -MT"src/main.o" -I../../port_test_bsp/microblaze_0/include -mno-xl-reorder -mlittle-endian -mxl-barrel-shift -mxl-pattern-compare -mcpu=v10.0 -mno-xl-soft-mul -Wl,--no-relax -ffunction-sections -fdata-sections -MMD -MP -MF"src/main.d" -MT"src/main.o" -o "src/main.o" "../src/main.c"
../src/main.c: In function 'main':
../src/main.c:103:5: warning: unused variable 'tx_index' [-Wunused-variable]
  u8 tx_index = 0;
     ^~~~~~~~
../src/main.c:101:6: warning: variable 'Status' set but not used [-Wunused-but-set-variable]
  int Status;
      ^~~~~~
'Finished building: ../src/main.c'
' '
'Building target: port_test.elf'
'Invoking: MicroBlaze gcc linker'
mb-gcc -Wl,-T -Wl,../src/lscript.ld -L../../port_test_bsp/microblaze_0/lib -mlittle-endian -mxl-barrel-shift -mxl-pattern-compare -mcpu=v10.0 -mno-xl-soft-mul -Wl,--no-relax -Wl,--gc-sections -o "port_test.elf"  ./src/SysInitialize.o ./src/main.o ./src/xuartlite_intr_example.o   -Wl,--start-group,-lxil,-lgcc,-lc,--end-group
'Finished building target: port_test.elf'
' '
'Invoking: MicroBlaze Print Size'
mb-size port_test.elf  |tee "port_test.elf.size"
   text	   data	    bss	    dec	    hex	filename
  10740	    412	   3680	  14832	   39f0	port_test.elf
'Finished building: port_test.elf.size'
' '
21:38:16 **** Incremental Build of configuration Debug for project port_test ****
make all 
make: Nothing to be done for `all'.
21:42:09 **** Auto Build of configuration Debug for project port_test ****
make all 
'Building file: ../src/main.c'
'Invoking: MicroBlaze gcc compiler'
mb-gcc -Wall -O0 -g3 -c -fmessage-length=0 -MT"src/main.o" -I../../port_test_bsp/microblaze_0/include -mno-xl-reorder -mlittle-endian -mxl-barrel-shift -mxl-pattern-compare -mcpu=v10.0 -mno-xl-soft-mul -Wl,--no-relax -ffunction-sections -fdata-sections -MMD -MP -MF"src/main.d" -MT"src/main.o" -o "src/main.o" "../src/main.c"
../src/main.c: In function 'Uart1Handler':
../src/main.c:72:11: warning: implicit declaration of function 'XUartLite_IsReceiveEmpty' [-Wimplicit-function-declaration]
   while ((XUartLite_IsReceiveEmpty(XPAR_UARTLITE_0_BASEADDR)) == FALSE)
           ^~~~~~~~~~~~~~~~~~~~~~~~
../src/main.c:78:19: warning: implicit declaration of function 'XUartLite_RecvByte' [-Wimplicit-function-declaration]
    recvbuf1[99] = XUartLite_RecvByte(XPAR_UARTLITE_0_BASEADDR);
                   ^~~~~~~~~~~~~~~~~~
../src/main.c:86:5: warning: implicit declaration of function 'XUartLite_SendByte' [-Wimplicit-function-declaration]
     XUartLite_SendByte(XPAR_UARTLITE_0_BASEADDR,recvbuf1[i]);
     ^~~~~~~~~~~~~~~~~~
../src/main.c: In function 'main':
../src/main.c:101:6: warning: variable 'Status' set but not used [-Wunused-but-set-variable]
  int Status;
      ^~~~~~
'Finished building: ../src/main.c'
' '
'Building target: port_test.elf'
'Invoking: MicroBlaze gcc linker'
mb-gcc -Wl,-T -Wl,../src/lscript.ld -L../../port_test_bsp/microblaze_0/lib -mlittle-endian -mxl-barrel-shift -mxl-pattern-compare -mcpu=v10.0 -mno-xl-soft-mul -Wl,--no-relax -Wl,--gc-sections -o "port_test.elf"  ./src/SysInitialize.o ./src/main.o ./src/xuartlite_intr_example.o   -Wl,--start-group,-lxil,-lgcc,-lc,--end-group
./src/main.o: In function `Uart1Handler':
D:\01_Xilinx_FPGA\LedRun\LedRun.sdk\port_test\Debug/../src/main.c:72: undefined reference to `XUartLite_IsReceiveEmpty'
collect2.exe: error: ld returned 1 exit status
make: *** [port_test.elf] ´íÎó 1
21:42:41 **** Auto Build of configuration Debug for project port_test ****
make all 
'Building file: ../src/main.c'
'Invoking: MicroBlaze gcc compiler'
mb-gcc -Wall -O0 -g3 -c -fmessage-length=0 -MT"src/main.o" -I../../port_test_bsp/microblaze_0/include -mno-xl-reorder -mlittle-endian -mxl-barrel-shift -mxl-pattern-compare -mcpu=v10.0 -mno-xl-soft-mul -Wl,--no-relax -ffunction-sections -fdata-sections -MMD -MP -MF"src/main.d" -MT"src/main.o" -o "src/main.o" "../src/main.c"
../src/main.c: In function 'Uart1Handler':
../src/main.c:72:11: warning: implicit declaration of function 'XUartLite_IsReceiveEmpty' [-Wimplicit-function-declaration]
   while ((XUartLite_IsReceiveEmpty(XPAR_UARTLITE_0_BASEADDR)) == FALSE)
           ^~~~~~~~~~~~~~~~~~~~~~~~
../src/main.c:78:19: warning: implicit declaration of function 'XUartLite_RecvByte' [-Wimplicit-function-declaration]
    recvbuf1[99] = XUartLite_RecvByte(XPAR_UARTLITE_0_BASEADDR);
                   ^~~~~~~~~~~~~~~~~~
../src/main.c:86:5: warning: implicit declaration of function 'XUartLite_SendByte' [-Wimplicit-function-declaration]
     XUartLite_SendByte(XPAR_UARTLITE_0_BASEADDR,recvbuf1[i]);
     ^~~~~~~~~~~~~~~~~~
../src/main.c: In function 'main':
../src/main.c:103:5: warning: unused variable 'tx_index' [-Wunused-variable]
  u8 tx_index = 0;
     ^~~~~~~~
../src/main.c:101:6: warning: variable 'Status' set but not used [-Wunused-but-set-variable]
  int Status;
      ^~~~~~
In file included from ../src/main.c:7:0:
../src/main.c: At top level:
../../port_test_bsp/microblaze_0/include/xparameters.h:768:34: error: expected declaration specifiers or '...' before numeric constant
 #define XPAR_UARTLITE_0_BASEADDR 0x40600000
                                  ^
../src/main.c:190:23: note: in expansion of macro 'XPAR_UARTLITE_0_BASEADDR'
    XUartLite_SendByte(XPAR_UARTLITE_0_BASEADDR, tx_index);
                       ^~~~~~~~~~~~~~~~~~~~~~~~
../src/main.c:190:49: error: unknown type name 'tx_index'
    XUartLite_SendByte(XPAR_UARTLITE_0_BASEADDR, tx_index);
                                                 ^~~~~~~~
../src/main.c:191:4: error: expected identifier or '(' before 'if'
    if (tx_index == 50)
    ^~
../src/main.c:195:4: error: expected identifier or '(' before 'else'
    else
    ^~~~
make: *** [src/main.o] ´íÎó 1
21:44:17 **** Auto Build of configuration Debug for project port_test ****
make all 
'Building file: ../src/main.c'
'Invoking: MicroBlaze gcc compiler'
mb-gcc -Wall -O0 -g3 -c -fmessage-length=0 -MT"src/main.o" -I../../port_test_bsp/microblaze_0/include -mno-xl-reorder -mlittle-endian -mxl-barrel-shift -mxl-pattern-compare -mcpu=v10.0 -mno-xl-soft-mul -Wl,--no-relax -ffunction-sections -fdata-sections -MMD -MP -MF"src/main.d" -MT"src/main.o" -o "src/main.o" "../src/main.c"
../src/main.c: In function 'Uart1Handler':
../src/main.c:72:11: warning: implicit declaration of function 'XUartLite_IsReceiveEmpty' [-Wimplicit-function-declaration]
   while ((XUartLite_IsReceiveEmpty(XPAR_UARTLITE_0_BASEADDR)) == FALSE)
           ^~~~~~~~~~~~~~~~~~~~~~~~
../src/main.c:78:19: warning: implicit declaration of function 'XUartLite_RecvByte' [-Wimplicit-function-declaration]
    recvbuf1[99] = XUartLite_RecvByte(XPAR_UARTLITE_0_BASEADDR);
                   ^~~~~~~~~~~~~~~~~~
../src/main.c:86:5: warning: implicit declaration of function 'XUartLite_SendByte' [-Wimplicit-function-declaration]
     XUartLite_SendByte(XPAR_UARTLITE_0_BASEADDR,recvbuf1[i]);
     ^~~~~~~~~~~~~~~~~~
../src/main.c: In function 'main':
../src/main.c:103:5: warning: unused variable 'tx_index' [-Wunused-variable]
  u8 tx_index = 0;
     ^~~~~~~~
../src/main.c:101:6: warning: variable 'Status' set but not used [-Wunused-but-set-variable]
  int Status;
      ^~~~~~
'Finished building: ../src/main.c'
' '
'Building target: port_test.elf'
'Invoking: MicroBlaze gcc linker'
mb-gcc -Wl,-T -Wl,../src/lscript.ld -L../../port_test_bsp/microblaze_0/lib -mlittle-endian -mxl-barrel-shift -mxl-pattern-compare -mcpu=v10.0 -mno-xl-soft-mul -Wl,--no-relax -Wl,--gc-sections -o "port_test.elf"  ./src/SysInitialize.o ./src/main.o ./src/xuartlite_intr_example.o   -Wl,--start-group,-lxil,-lgcc,-lc,--end-group
./src/main.o: In function `Uart1Handler':
D:\01_Xilinx_FPGA\LedRun\LedRun.sdk\port_test\Debug/../src/main.c:72: undefined reference to `XUartLite_IsReceiveEmpty'
collect2.exe: error: ld returned 1 exit status
make: *** [port_test.elf] ´íÎó 1
21:45:34 **** Auto Build of configuration Debug for project port_test ****
make all 
'Building file: ../src/main.c'
'Invoking: MicroBlaze gcc compiler'
mb-gcc -Wall -O0 -g3 -c -fmessage-length=0 -MT"src/main.o" -I../../port_test_bsp/microblaze_0/include -mno-xl-reorder -mlittle-endian -mxl-barrel-shift -mxl-pattern-compare -mcpu=v10.0 -mno-xl-soft-mul -Wl,--no-relax -ffunction-sections -fdata-sections -MMD -MP -MF"src/main.d" -MT"src/main.o" -o "src/main.o" "../src/main.c"
../src/main.c: In function 'main':
../src/main.c:116:65: error: 'Uart1Handler' undeclared (first use in this function)
  Status = XIntc_Connect(&Intc0,UART_0_VEC_ID,(XInterruptHandler)Uart1Handler,(void *)0);
                                                                 ^~~~~~~~~~~~
../src/main.c:116:65: note: each undeclared identifier is reported only once for each function it appears in
../src/main.c:103:5: warning: variable 'recvbuf1' set but not used [-Wunused-but-set-variable]
  u8 recvbuf1[100];
     ^~~~~~~~
../src/main.c:100:5: warning: unused variable 'tx_index' [-Wunused-variable]
  u8 tx_index = 0;
     ^~~~~~~~
../src/main.c:98:6: warning: variable 'Status' set but not used [-Wunused-but-set-variable]
  int Status;
      ^~~~~~
make: *** [src/main.o] ´íÎó 1
21:47:16 **** Auto Build of configuration Debug for project port_test ****
make all 
'Building file: ../src/main.c'
'Invoking: MicroBlaze gcc compiler'
mb-gcc -Wall -O0 -g3 -c -fmessage-length=0 -MT"src/main.o" -I../../port_test_bsp/microblaze_0/include -mno-xl-reorder -mlittle-endian -mxl-barrel-shift -mxl-pattern-compare -mcpu=v10.0 -mno-xl-soft-mul -Wl,--no-relax -ffunction-sections -fdata-sections -MMD -MP -MF"src/main.d" -MT"src/main.o" -o "src/main.o" "../src/main.c"
../src/main.c: In function 'main':
../src/main.c:71:5: warning: variable 'recvbuf1' set but not used [-Wunused-but-set-variable]
  u8 recvbuf1[100];
     ^~~~~~~~
../src/main.c:68:5: warning: unused variable 'tx_index' [-Wunused-variable]
  u8 tx_index = 0;
     ^~~~~~~~
../src/main.c:66:6: warning: variable 'Status' set but not used [-Wunused-but-set-variable]
  int Status;
      ^~~~~~
'Finished building: ../src/main.c'
' '
'Building target: port_test.elf'
'Invoking: MicroBlaze gcc linker'
mb-gcc -Wl,-T -Wl,../src/lscript.ld -L../../port_test_bsp/microblaze_0/lib -mlittle-endian -mxl-barrel-shift -mxl-pattern-compare -mcpu=v10.0 -mno-xl-soft-mul -Wl,--no-relax -Wl,--gc-sections -o "port_test.elf"  ./src/SysInitialize.o ./src/main.o ./src/xuartlite_intr_example.o   -Wl,--start-group,-lxil,-lgcc,-lc,--end-group
'Finished building target: port_test.elf'
' '
'Invoking: MicroBlaze Print Size'
mb-size port_test.elf  |tee "port_test.elf.size"
   text	   data	    bss	    dec	    hex	filename
   8128	    412	   3476	  12016	   2ef0	port_test.elf
'Finished building: port_test.elf.size'
' '
21:48:22 **** Auto Build of configuration Debug for project port_test ****
make all 
'Building file: ../src/main.c'
'Invoking: MicroBlaze gcc compiler'
mb-gcc -Wall -O0 -g3 -c -fmessage-length=0 -MT"src/main.o" -I../../port_test_bsp/microblaze_0/include -mno-xl-reorder -mlittle-endian -mxl-barrel-shift -mxl-pattern-compare -mcpu=v10.0 -mno-xl-soft-mul -Wl,--no-relax -ffunction-sections -fdata-sections -MMD -MP -MF"src/main.d" -MT"src/main.o" -o "src/main.o" "../src/main.c"
../src/main.c: In function 'main':
../src/main.c:71:5: warning: variable 'recvbuf1' set but not used [-Wunused-but-set-variable]
  u8 recvbuf1[TEST_BUFFER_SIZE];
     ^~~~~~~~
../src/main.c:68:5: warning: unused variable 'tx_index' [-Wunused-variable]
  u8 tx_index = 0;
     ^~~~~~~~
../src/main.c:66:6: warning: variable 'Status' set but not used [-Wunused-but-set-variable]
  int Status;
      ^~~~~~
'Finished building: ../src/main.c'
' '
'Building target: port_test.elf'
'Invoking: MicroBlaze gcc linker'
mb-gcc -Wl,-T -Wl,../src/lscript.ld -L../../port_test_bsp/microblaze_0/lib -mlittle-endian -mxl-barrel-shift -mxl-pattern-compare -mcpu=v10.0 -mno-xl-soft-mul -Wl,--no-relax -Wl,--gc-sections -o "port_test.elf"  ./src/SysInitialize.o ./src/main.o ./src/xuartlite_intr_example.o   -Wl,--start-group,-lxil,-lgcc,-lc,--end-group
'Finished building target: port_test.elf'
' '
'Invoking: MicroBlaze Print Size'
mb-size port_test.elf  |tee "port_test.elf.size"
   text	   data	    bss	    dec	    hex	filename
   8128	    412	   3476	  12016	   2ef0	port_test.elf
'Finished building: port_test.elf.size'
' '
21:48:29 **** Incremental Build of configuration Debug for project port_test ****
make all 
make: Nothing to be done for `all'.
21:49:53 **** Clean-only build of configuration Debug for project port_test ****
make clean 
rm -rf  ./src/SysInitialize.o ./src/main.o ./src/xuartlite_intr_example.o  ./src/SysInitialize.d ./src/main.d ./src/xuartlite_intr_example.d  port_test.elf.size  port_test.elf
' '
21:49:54 **** Auto Build of configuration Debug for project port_test ****
make all 
'Building file: ../src/SysInitialize.c'
'Invoking: MicroBlaze gcc compiler'
mb-gcc -Wall -O0 -g3 -c -fmessage-length=0 -MT"src/SysInitialize.o" -I../../port_test_bsp/microblaze_0/include -mno-xl-reorder -mlittle-endian -mxl-barrel-shift -mxl-pattern-compare -mcpu=v10.0 -mno-xl-soft-mul -Wl,--no-relax -ffunction-sections -fdata-sections -MMD -MP -MF"src/SysInitialize.d" -MT"src/SysInitialize.o" -o "src/SysInitialize.o" "../src/SysInitialize.c"
../src/SysInitialize.c: In function 'GPIO_Initialize':
../src/SysInitialize.c:11:31: warning: passing argument 1 of 'XGpio_Initialize' from incompatible pointer type [-Wincompatible-pointer-types]
     status = XGpio_Initialize(&InstancePtr, DeviceId);
                               ^
In file included from ../src/SysInitialize.h:12:0,
                 from ../src/SysInitialize.c:1:
../../port_test_bsp/microblaze_0/include/xgpio.h:172:5: note: expected 'XGpio * {aka struct <anonymous> *}' but argument is of type 'XGpio ** {aka struct <anonymous> **}'
 int XGpio_Initialize(XGpio *InstancePtr, u16 DeviceId);
     ^~~~~~~~~~~~~~~~
../src/SysInitialize.c: In function 'UART_Initialize':
../src/SysInitialize.c:30:35: warning: passing argument 1 of 'XUartLite_Initialize' from incompatible pointer type [-Wincompatible-pointer-types]
     status = XUartLite_Initialize(&InstancePtr, DeviceId);
                                   ^
In file included from ../src/SysInitialize.h:13:0,
                 from ../src/SysInitialize.c:1:
../../port_test_bsp/microblaze_0/include/xuartlite.h:244:5: note: expected 'XUartLite * {aka struct <anonymous> *}' but argument is of type 'XUartLite ** {aka struct <anonymous> **}'
 int XUartLite_Initialize(XUartLite *InstancePtr, u16 DeviceId);
     ^~~~~~~~~~~~~~~~~~~~
../src/SysInitialize.c: In function 'Timer_Initialize':
../src/SysInitialize.c:49:33: warning: passing argument 1 of 'XTmrCtr_Initialize' from incompatible pointer type [-Wincompatible-pointer-types]
     status = XTmrCtr_Initialize(&InstancePtr, DeviceId);
                                 ^
In file included from ../src/SysInitialize.h:14:0,
                 from ../src/SysInitialize.c:1:
../../port_test_bsp/microblaze_0/include/xtmrctr.h:281:5: note: expected 'XTmrCtr * {aka struct <anonymous> *}' but argument is of type 'XTmrCtr ** {aka struct <anonymous> **}'
 int XTmrCtr_Initialize(XTmrCtr * InstancePtr, u16 DeviceId);
     ^~~~~~~~~~~~~~~~~~
../src/SysInitialize.c: In function 'Intc_Initialize':
../src/SysInitialize.c:68:31: warning: passing argument 1 of 'XIntc_Initialize' from incompatible pointer type [-Wincompatible-pointer-types]
     status = XIntc_Initialize(&InstancePtr, DeviceId);
                               ^
In file included from ../src/SysInitialize.h:17:0,
                 from ../src/SysInitialize.c:1:
../../port_test_bsp/microblaze_0/include/xintc.h:335:5: note: expected 'XIntc * {aka struct <anonymous> *}' but argument is of type 'XIntc ** {aka struct <anonymous> **}'
 int XIntc_Initialize(XIntc * InstancePtr, u16 DeviceId);
     ^~~~~~~~~~~~~~~~
../src/SysInitialize.c: In function 'Sys_Initialize':
../src/SysInitialize.c:86:11: warning: implicit declaration of function 'GPIOInitialize' [-Wimplicit-function-declaration]
  status = GPIOInitialize(&Gpio_led,GPIO_LED_DEVICE_ID,"GPIO_LED");
           ^~~~~~~~~~~~~~
'Finished building: ../src/SysInitialize.c'
' '
'Building file: ../src/main.c'
'Invoking: MicroBlaze gcc compiler'
mb-gcc -Wall -O0 -g3 -c -fmessage-length=0 -MT"src/main.o" -I../../port_test_bsp/microblaze_0/include -mno-xl-reorder -mlittle-endian -mxl-barrel-shift -mxl-pattern-compare -mcpu=v10.0 -mno-xl-soft-mul -Wl,--no-relax -ffunction-sections -fdata-sections -MMD -MP -MF"src/main.d" -MT"src/main.o" -o "src/main.o" "../src/main.c"
../src/main.c: In function 'main':
../src/main.c:71:5: warning: variable 'recvbuf1' set but not used [-Wunused-but-set-variable]
  u8 recvbuf1[TEST_BUFFER_SIZE];
     ^~~~~~~~
../src/main.c:68:5: warning: unused variable 'tx_index' [-Wunused-variable]
  u8 tx_index = 0;
     ^~~~~~~~
../src/main.c:66:6: warning: variable 'Status' set but not used [-Wunused-but-set-variable]
  int Status;
      ^~~~~~
'Finished building: ../src/main.c'
' '
'Building target: port_test.elf'
'Invoking: MicroBlaze gcc linker'
mb-gcc -Wl,-T -Wl,../src/lscript.ld -L../../port_test_bsp/microblaze_0/lib -mlittle-endian -mxl-barrel-shift -mxl-pattern-compare -mcpu=v10.0 -mno-xl-soft-mul -Wl,--no-relax -Wl,--gc-sections -o "port_test.elf"  ./src/SysInitialize.o ./src/main.o   -Wl,--start-group,-lxil,-lgcc,-lc,--end-group
'Finished building target: port_test.elf'
' '
'Invoking: MicroBlaze Print Size'
mb-size port_test.elf  |tee "port_test.elf.size"
   text	   data	    bss	    dec	    hex	filename
   8128	    412	   3476	  12016	   2ef0	port_test.elf
'Finished building: port_test.elf.size'
' '
21:50:37 **** Auto Build of configuration Debug for project port_test ****
make all 
'Building file: ../src/main.c'
'Invoking: MicroBlaze gcc compiler'
mb-gcc -Wall -O0 -g3 -c -fmessage-length=0 -MT"src/main.o" -I../../port_test_bsp/microblaze_0/include -mno-xl-reorder -mlittle-endian -mxl-barrel-shift -mxl-pattern-compare -mcpu=v10.0 -mno-xl-soft-mul -Wl,--no-relax -ffunction-sections -fdata-sections -MMD -MP -MF"src/main.d" -MT"src/main.o" -o "src/main.o" "../src/main.c"
../src/main.c: In function 'main':
../src/main.c:81:45: error: 'UartName' undeclared (first use in this function)
   xil_printf("%s Initialization Failed\r\n",UartName);
                                             ^~~~~~~~
../src/main.c:81:45: note: each undeclared identifier is reported only once for each function it appears in
../src/main.c:71:5: warning: variable 'recvbuf1' set but not used [-Wunused-but-set-variable]
  u8 recvbuf1[TEST_BUFFER_SIZE];
     ^~~~~~~~
../src/main.c:68:5: warning: unused variable 'tx_index' [-Wunused-variable]
  u8 tx_index = 0;
     ^~~~~~~~
make: *** [src/main.o] ´íÎó 1
21:51:49 **** Auto Build of configuration Debug for project port_test ****
make all 
'Building file: ../src/main.c'
'Invoking: MicroBlaze gcc compiler'
mb-gcc -Wall -O0 -g3 -c -fmessage-length=0 -MT"src/main.o" -I../../port_test_bsp/microblaze_0/include -mno-xl-reorder -mlittle-endian -mxl-barrel-shift -mxl-pattern-compare -mcpu=v10.0 -mno-xl-soft-mul -Wl,--no-relax -ffunction-sections -fdata-sections -MMD -MP -MF"src/main.d" -MT"src/main.o" -o "src/main.o" "../src/main.c"
../src/main.c: In function 'main':
../src/main.c:71:5: warning: variable 'recvbuf1' set but not used [-Wunused-but-set-variable]
  u8 recvbuf1[TEST_BUFFER_SIZE];
     ^~~~~~~~
../src/main.c:68:5: warning: unused variable 'tx_index' [-Wunused-variable]
  u8 tx_index = 0;
     ^~~~~~~~
'Finished building: ../src/main.c'
' '
'Building target: port_test.elf'
'Invoking: MicroBlaze gcc linker'
mb-gcc -Wl,-T -Wl,../src/lscript.ld -L../../port_test_bsp/microblaze_0/lib -mlittle-endian -mxl-barrel-shift -mxl-pattern-compare -mcpu=v10.0 -mno-xl-soft-mul -Wl,--no-relax -Wl,--gc-sections -o "port_test.elf"  ./src/SysInitialize.o ./src/main.o   -Wl,--start-group,-lxil,-lgcc,-lc,--end-group
'Finished building target: port_test.elf'
' '
'Invoking: MicroBlaze Print Size'
mb-size port_test.elf  |tee "port_test.elf.size"
   text	   data	    bss	    dec	    hex	filename
   7792	    412	   3348	  11552	   2d20	port_test.elf
'Finished building: port_test.elf.size'
' '
21:52:24 **** Incremental Build of configuration Debug for project port_test ****
make all 
make: Nothing to be done for `all'.
21:53:58 **** Auto Build of configuration Debug for project port_test ****
make all 
'Building file: ../src/main.c'
'Invoking: MicroBlaze gcc compiler'
mb-gcc -Wall -O0 -g3 -c -fmessage-length=0 -MT"src/main.o" -I../../port_test_bsp/microblaze_0/include -mno-xl-reorder -mlittle-endian -mxl-barrel-shift -mxl-pattern-compare -mcpu=v10.0 -mno-xl-soft-mul -Wl,--no-relax -ffunction-sections -fdata-sections -MMD -MP -MF"src/main.d" -MT"src/main.o" -o "src/main.o" "../src/main.c"
../src/main.c: In function 'main':
../src/main.c:71:5: warning: variable 'recvbuf1' set but not used [-Wunused-but-set-variable]
  u8 recvbuf1[TEST_BUFFER_SIZE];
     ^~~~~~~~
../src/main.c:68:5: warning: unused variable 'tx_index' [-Wunused-variable]
  u8 tx_index = 0;
     ^~~~~~~~
'Finished building: ../src/main.c'
' '
'Building target: port_test.elf'
'Invoking: MicroBlaze gcc linker'
mb-gcc -Wl,-T -Wl,../src/lscript.ld -L../../port_test_bsp/microblaze_0/lib -mlittle-endian -mxl-barrel-shift -mxl-pattern-compare -mcpu=v10.0 -mno-xl-soft-mul -Wl,--no-relax -Wl,--gc-sections -o "port_test.elf"  ./src/SysInitialize.o ./src/main.o   -Wl,--start-group,-lxil,-lgcc,-lc,--end-group
'Finished building target: port_test.elf'
' '
'Invoking: MicroBlaze Print Size'
mb-size port_test.elf  |tee "port_test.elf.size"
   text	   data	    bss	    dec	    hex	filename
   7744	    412	   3348	  11504	   2cf0	port_test.elf
'Finished building: port_test.elf.size'
' '
21:54:01 **** Incremental Build of configuration Debug for project port_test ****
make all 
make: Nothing to be done for `all'.
21:55:49 **** Build of configuration Debug for project port_test_bsp_xiic_eeprom_example_1 ****
make all 
'Building file: ../src/xiic_eeprom_example.c'
'Invoking: MicroBlaze gcc compiler'
mb-gcc -Wall -O0 -g3 -c -fmessage-length=0 -MT"src/xiic_eeprom_example.o" -I../../port_test_bsp/microblaze_0/include -mno-xl-reorder -mlittle-endian -mxl-barrel-shift -mxl-pattern-compare -mcpu=v10.0 -mno-xl-soft-mul -Wl,--no-relax -ffunction-sections -fdata-sections -MMD -MP -MF"src/xiic_eeprom_example.d" -MT"src/xiic_eeprom_example.o" -o "src/xiic_eeprom_example.o" "../src/xiic_eeprom_example.c"
'Finished building: ../src/xiic_eeprom_example.c'
' '
'Building target: port_test_bsp_xiic_eeprom_example_1.elf'
'Invoking: MicroBlaze gcc linker'
mb-gcc -Wl,-T -Wl,../src/lscript.ld -L../../port_test_bsp/microblaze_0/lib -mlittle-endian -mxl-barrel-shift -mxl-pattern-compare -mcpu=v10.0 -mno-xl-soft-mul -Wl,--no-relax -Wl,--gc-sections -o "port_test_bsp_xiic_eeprom_example_1.elf"  ./src/xiic_eeprom_example.o   -Wl,--start-group,-lxil,-lgcc,-lc,--end-group
'Finished building target: port_test_bsp_xiic_eeprom_example_1.elf'
' '
'Invoking: MicroBlaze Print Size'
mb-size port_test_bsp_xiic_eeprom_example_1.elf  |tee "port_test_bsp_xiic_eeprom_example_1.elf.size"
   text	   data	    bss	    dec	    hex	filename
  13724	    396	   3408	  17528	   4478	port_test_bsp_xiic_eeprom_example_1.elf
'Finished building: port_test_bsp_xiic_eeprom_example_1.elf.size'
' '
21:55:50 **** Build of configuration Debug for project port_test_bsp_xiic_repeated_start_example_1 ****
make all 
'Building file: ../src/xiic_repeated_start_example.c'
'Invoking: MicroBlaze gcc compiler'
mb-gcc -Wall -O0 -g3 -c -fmessage-length=0 -MT"src/xiic_repeated_start_example.o" -I../../port_test_bsp/microblaze_0/include -mno-xl-reorder -mlittle-endian -mxl-barrel-shift -mxl-pattern-compare -mcpu=v10.0 -mno-xl-soft-mul -Wl,--no-relax -ffunction-sections -fdata-sections -MMD -MP -MF"src/xiic_repeated_start_example.d" -MT"src/xiic_repeated_start_example.o" -o "src/xiic_repeated_start_example.o" "../src/xiic_repeated_start_example.c"
../src/xiic_repeated_start_example.c: In function 'WriteData':
../src/xiic_repeated_start_example.c:257:6: warning: variable 'BusBusy' set but not used [-Wunused-but-set-variable]
  int BusBusy;
      ^~~~~~~
../src/xiic_repeated_start_example.c: In function 'ReadData':
../src/xiic_repeated_start_example.c:341:6: warning: variable 'BusBusy' set but not used [-Wunused-but-set-variable]
  int BusBusy;
      ^~~~~~~
'Finished building: ../src/xiic_repeated_start_example.c'
' '
'Building target: port_test_bsp_xiic_repeated_start_example_1.elf'
'Invoking: MicroBlaze gcc linker'
mb-gcc -Wl,-T -Wl,../src/lscript.ld -L../../port_test_bsp/microblaze_0/lib -mlittle-endian -mxl-barrel-shift -mxl-pattern-compare -mcpu=v10.0 -mno-xl-soft-mul -Wl,--no-relax -Wl,--gc-sections -o "port_test_bsp_xiic_repeated_start_example_1.elf"  ./src/xiic_repeated_start_example.o   -Wl,--start-group,-lxil,-lgcc,-lc,--end-group
'Finished building target: port_test_bsp_xiic_repeated_start_example_1.elf'
' '
'Invoking: MicroBlaze Print Size'
mb-size port_test_bsp_xiic_repeated_start_example_1.elf  |tee "port_test_bsp_xiic_repeated_start_example_1.elf.size"
   text	   data	    bss	    dec	    hex	filename
  13404	    396	   3408	  17208	   4338	port_test_bsp_xiic_repeated_start_example_1.elf
'Finished building: port_test_bsp_xiic_repeated_start_example_1.elf.size'
' '
09:58:48 **** Auto Build of configuration Debug for project port_test ****
make all 
'Building file: ../src/SysInitialize.c'
'Invoking: MicroBlaze gcc compiler'
mb-gcc -Wall -O0 -g3 -c -fmessage-length=0 -MT"src/SysInitialize.o" -I../../port_test_bsp/microblaze_0/include -mno-xl-reorder -mlittle-endian -mxl-barrel-shift -mxl-pattern-compare -mcpu=v10.0 -mno-xl-soft-mul -Wl,--no-relax -ffunction-sections -fdata-sections -MMD -MP -MF"src/SysInitialize.d" -MT"src/SysInitialize.o" -o "src/SysInitialize.o" "../src/SysInitialize.c"
../src/SysInitialize.c: In function 'GPIO_Initialize':
../src/SysInitialize.c:11:31: warning: passing argument 1 of 'XGpio_Initialize' from incompatible pointer type [-Wincompatible-pointer-types]
     status = XGpio_Initialize(&InstancePtr, DeviceId);
                               ^
In file included from ../src/SysInitialize.h:12:0,
                 from ../src/SysInitialize.c:1:
../../port_test_bsp/microblaze_0/include/xgpio.h:172:5: note: expected 'XGpio * {aka struct <anonymous> *}' but argument is of type 'XGpio ** {aka struct <anonymous> **}'
 int XGpio_Initialize(XGpio *InstancePtr, u16 DeviceId);
     ^~~~~~~~~~~~~~~~
../src/SysInitialize.c: In function 'UART_Initialize':
../src/SysInitialize.c:30:35: warning: passing argument 1 of 'XUartLite_Initialize' from incompatible pointer type [-Wincompatible-pointer-types]
     status = XUartLite_Initialize(&InstancePtr, DeviceId);
                                   ^
In file included from ../src/SysInitialize.h:13:0,
                 from ../src/SysInitialize.c:1:
../../port_test_bsp/microblaze_0/include/xuartlite.h:244:5: note: expected 'XUartLite * {aka struct <anonymous> *}' but argument is of type 'XUartLite ** {aka struct <anonymous> **}'
 int XUartLite_Initialize(XUartLite *InstancePtr, u16 DeviceId);
     ^~~~~~~~~~~~~~~~~~~~
../src/SysInitialize.c: In function 'Timer_Initialize':
../src/SysInitialize.c:49:33: warning: passing argument 1 of 'XTmrCtr_Initialize' from incompatible pointer type [-Wincompatible-pointer-types]
     status = XTmrCtr_Initialize(&InstancePtr, DeviceId);
                                 ^
In file included from ../src/SysInitialize.h:14:0,
                 from ../src/SysInitialize.c:1:
../../port_test_bsp/microblaze_0/include/xtmrctr.h:281:5: note: expected 'XTmrCtr * {aka struct <anonymous> *}' but argument is of type 'XTmrCtr ** {aka struct <anonymous> **}'
 int XTmrCtr_Initialize(XTmrCtr * InstancePtr, u16 DeviceId);
     ^~~~~~~~~~~~~~~~~~
../src/SysInitialize.c: In function 'Intc_Initialize':
../src/SysInitialize.c:68:31: warning: passing argument 1 of 'XIntc_Initialize' from incompatible pointer type [-Wincompatible-pointer-types]
     status = XIntc_Initialize(&InstancePtr, DeviceId);
                               ^
In file included from ../src/SysInitialize.h:17:0,
                 from ../src/SysInitialize.c:1:
../../port_test_bsp/microblaze_0/include/xintc.h:335:5: note: expected 'XIntc * {aka struct <anonymous> *}' but argument is of type 'XIntc ** {aka struct <anonymous> **}'
 int XIntc_Initialize(XIntc * InstancePtr, u16 DeviceId);
     ^~~~~~~~~~~~~~~~
../src/SysInitialize.c: In function 'Sys_Initialize':
../src/SysInitialize.c:86:11: warning: implicit declaration of function 'GPIOInitialize' [-Wimplicit-function-declaration]
  status = GPIOInitialize(&Gpio_led,GPIO_LED_DEVICE_ID,"GPIO_LED");
           ^~~~~~~~~~~~~~
'Finished building: ../src/SysInitialize.c'
' '
'Building file: ../src/main.c'
'Invoking: MicroBlaze gcc compiler'
mb-gcc -Wall -O0 -g3 -c -fmessage-length=0 -MT"src/main.o" -I../../port_test_bsp/microblaze_0/include -mno-xl-reorder -mlittle-endian -mxl-barrel-shift -mxl-pattern-compare -mcpu=v10.0 -mno-xl-soft-mul -Wl,--no-relax -ffunction-sections -fdata-sections -MMD -MP -MF"src/main.d" -MT"src/main.o" -o "src/main.o" "../src/main.c"
../src/main.c: In function 'main':
../src/main.c:71:5: warning: variable 'recvbuf1' set but not used [-Wunused-but-set-variable]
  u8 recvbuf1[TEST_BUFFER_SIZE];
     ^~~~~~~~
../src/main.c:68:5: warning: unused variable 'tx_index' [-Wunused-variable]
  u8 tx_index = 0;
     ^~~~~~~~
'Finished building: ../src/main.c'
' '
'Building target: port_test.elf'
'Invoking: MicroBlaze gcc linker'
mb-gcc -Wl,-T -Wl,../src/lscript.ld -L../../port_test_bsp/microblaze_0/lib -mlittle-endian -mxl-barrel-shift -mxl-pattern-compare -mcpu=v10.0 -mno-xl-soft-mul -Wl,--no-relax -Wl,--gc-sections -o "port_test.elf"  ./src/SysInitialize.o ./src/main.o   -Wl,--start-group,-lxil,-lgcc,-lc,--end-group
'Finished building target: port_test.elf'
' '
'Invoking: MicroBlaze Print Size'
mb-size port_test.elf  |tee "port_test.elf.size"
   text	   data	    bss	    dec	    hex	filename
   7744	    412	   3348	  11504	   2cf0	port_test.elf
'Finished building: port_test.elf.size'
' '
09:58:49 **** Auto Build of configuration Debug for project port_test ****
make all 
'Building file: ../src/SysInitialize.c'
'Invoking: MicroBlaze gcc compiler'
mb-gcc -Wall -O0 -g3 -c -fmessage-length=0 -MT"src/SysInitialize.o" -I../../port_test_bsp/microblaze_0/include -mno-xl-reorder -mlittle-endian -mxl-barrel-shift -mxl-pattern-compare -mcpu=v10.0 -mno-xl-soft-mul -Wl,--no-relax -ffunction-sections -fdata-sections -MMD -MP -MF"src/SysInitialize.d" -MT"src/SysInitialize.o" -o "src/SysInitialize.o" "../src/SysInitialize.c"
../src/SysInitialize.c: In function 'GPIO_Initialize':
../src/SysInitialize.c:11:31: warning: passing argument 1 of 'XGpio_Initialize' from incompatible pointer type [-Wincompatible-pointer-types]
     status = XGpio_Initialize(&InstancePtr, DeviceId);
                               ^
In file included from ../src/SysInitialize.h:12:0,
                 from ../src/SysInitialize.c:1:
../../port_test_bsp/microblaze_0/include/xgpio.h:172:5: note: expected 'XGpio * {aka struct <anonymous> *}' but argument is of type 'XGpio ** {aka struct <anonymous> **}'
 int XGpio_Initialize(XGpio *InstancePtr, u16 DeviceId);
     ^~~~~~~~~~~~~~~~
../src/SysInitialize.c: In function 'UART_Initialize':
../src/SysInitialize.c:30:35: warning: passing argument 1 of 'XUartLite_Initialize' from incompatible pointer type [-Wincompatible-pointer-types]
     status = XUartLite_Initialize(&InstancePtr, DeviceId);
                                   ^
In file included from ../src/SysInitialize.h:13:0,
                 from ../src/SysInitialize.c:1:
../../port_test_bsp/microblaze_0/include/xuartlite.h:244:5: note: expected 'XUartLite * {aka struct <anonymous> *}' but argument is of type 'XUartLite ** {aka struct <anonymous> **}'
 int XUartLite_Initialize(XUartLite *InstancePtr, u16 DeviceId);
     ^~~~~~~~~~~~~~~~~~~~
../src/SysInitialize.c: In function 'Timer_Initialize':
../src/SysInitialize.c:49:33: warning: passing argument 1 of 'XTmrCtr_Initialize' from incompatible pointer type [-Wincompatible-pointer-types]
     status = XTmrCtr_Initialize(&InstancePtr, DeviceId);
                                 ^
In file included from ../src/SysInitialize.h:14:0,
                 from ../src/SysInitialize.c:1:
../../port_test_bsp/microblaze_0/include/xtmrctr.h:281:5: note: expected 'XTmrCtr * {aka struct <anonymous> *}' but argument is of type 'XTmrCtr ** {aka struct <anonymous> **}'
 int XTmrCtr_Initialize(XTmrCtr * InstancePtr, u16 DeviceId);
     ^~~~~~~~~~~~~~~~~~
../src/SysInitialize.c: In function 'Intc_Initialize':
../src/SysInitialize.c:68:31: warning: passing argument 1 of 'XIntc_Initialize' from incompatible pointer type [-Wincompatible-pointer-types]
     status = XIntc_Initialize(&InstancePtr, DeviceId);
                               ^
In file included from ../src/SysInitialize.h:17:0,
                 from ../src/SysInitialize.c:1:
../../port_test_bsp/microblaze_0/include/xintc.h:335:5: note: expected 'XIntc * {aka struct <anonymous> *}' but argument is of type 'XIntc ** {aka struct <anonymous> **}'
 int XIntc_Initialize(XIntc * InstancePtr, u16 DeviceId);
     ^~~~~~~~~~~~~~~~
../src/SysInitialize.c: In function 'Sys_Initialize':
../src/SysInitialize.c:88:12: warning: implicit declaration of function 'GPIOInitialize' [-Wimplicit-function-declaration]
  status += GPIOInitialize(&Gpio_led,GPIO_LED_DEVICE_ID,"GPIO_LED");
            ^~~~~~~~~~~~~~
../src/SysInitialize.c:89:36: error: 'LED_CHANNEL' undeclared (first use in this function)
  XGpio_SetDataDirection(&Gpio_led, LED_CHANNEL, ~LED);
                                    ^~~~~~~~~~~
../src/SysInitialize.c:89:36: note: each undeclared identifier is reported only once for each function it appears in
../src/SysInitialize.c:89:50: error: 'LED' undeclared (first use in this function)
  XGpio_SetDataDirection(&Gpio_led, LED_CHANNEL, ~LED);
                                                  ^~~
make: *** [src/SysInitialize.o] ´íÎó 1
09:58:51 **** Auto Build of configuration Debug for project port_test ****
make all 
'Building file: ../src/SysInitialize.c'
'Invoking: MicroBlaze gcc compiler'
mb-gcc -Wall -O0 -g3 -c -fmessage-length=0 -MT"src/SysInitialize.o" -I../../port_test_bsp/microblaze_0/include -mno-xl-reorder -mlittle-endian -mxl-barrel-shift -mxl-pattern-compare -mcpu=v10.0 -mno-xl-soft-mul -Wl,--no-relax -ffunction-sections -fdata-sections -MMD -MP -MF"src/SysInitialize.d" -MT"src/SysInitialize.o" -o "src/SysInitialize.o" "../src/SysInitialize.c"
../src/SysInitialize.c: In function 'GPIO_Initialize':
../src/SysInitialize.c:11:31: warning: passing argument 1 of 'XGpio_Initialize' from incompatible pointer type [-Wincompatible-pointer-types]
     status = XGpio_Initialize(&InstancePtr, DeviceId);
                               ^
In file included from ../src/SysInitialize.h:12:0,
                 from ../src/SysInitialize.c:1:
../../port_test_bsp/microblaze_0/include/xgpio.h:172:5: note: expected 'XGpio * {aka struct <anonymous> *}' but argument is of type 'XGpio ** {aka struct <anonymous> **}'
 int XGpio_Initialize(XGpio *InstancePtr, u16 DeviceId);
     ^~~~~~~~~~~~~~~~
../src/SysInitialize.c: In function 'UART_Initialize':
../src/SysInitialize.c:30:35: warning: passing argument 1 of 'XUartLite_Initialize' from incompatible pointer type [-Wincompatible-pointer-types]
     status = XUartLite_Initialize(&InstancePtr, DeviceId);
                                   ^
In file included from ../src/SysInitialize.h:13:0,
                 from ../src/SysInitialize.c:1:
../../port_test_bsp/microblaze_0/include/xuartlite.h:244:5: note: expected 'XUartLite * {aka struct <anonymous> *}' but argument is of type 'XUartLite ** {aka struct <anonymous> **}'
 int XUartLite_Initialize(XUartLite *InstancePtr, u16 DeviceId);
     ^~~~~~~~~~~~~~~~~~~~
../src/SysInitialize.c: In function 'Timer_Initialize':
../src/SysInitialize.c:49:33: warning: passing argument 1 of 'XTmrCtr_Initialize' from incompatible pointer type [-Wincompatible-pointer-types]
     status = XTmrCtr_Initialize(&InstancePtr, DeviceId);
                                 ^
In file included from ../src/SysInitialize.h:14:0,
                 from ../src/SysInitialize.c:1:
../../port_test_bsp/microblaze_0/include/xtmrctr.h:281:5: note: expected 'XTmrCtr * {aka struct <anonymous> *}' but argument is of type 'XTmrCtr ** {aka struct <anonymous> **}'
 int XTmrCtr_Initialize(XTmrCtr * InstancePtr, u16 DeviceId);
     ^~~~~~~~~~~~~~~~~~
../src/SysInitialize.c: In function 'Intc_Initialize':
../src/SysInitialize.c:68:31: warning: passing argument 1 of 'XIntc_Initialize' from incompatible pointer type [-Wincompatible-pointer-types]
     status = XIntc_Initialize(&InstancePtr, DeviceId);
                               ^
In file included from ../src/SysInitialize.h:17:0,
                 from ../src/SysInitialize.c:1:
../../port_test_bsp/microblaze_0/include/xintc.h:335:5: note: expected 'XIntc * {aka struct <anonymous> *}' but argument is of type 'XIntc ** {aka struct <anonymous> **}'
 int XIntc_Initialize(XIntc * InstancePtr, u16 DeviceId);
     ^~~~~~~~~~~~~~~~
../src/SysInitialize.c: In function 'Sys_Initialize':
../src/SysInitialize.c:88:12: warning: implicit declaration of function 'GPIOInitialize' [-Wimplicit-function-declaration]
  status += GPIOInitialize(&Gpio_led,GPIO_LED_DEVICE_ID,"GPIO_LED");
            ^~~~~~~~~~~~~~
../src/SysInitialize.c:89:36: error: 'LED_CHANNEL' undeclared (first use in this function)
  XGpio_SetDataDirection(&Gpio_led, LED_CHANNEL, ~LED);
                                    ^~~~~~~~~~~
../src/SysInitialize.c:89:36: note: each undeclared identifier is reported only once for each function it appears in
../src/SysInitialize.c:89:50: error: 'LED' undeclared (first use in this function)
  XGpio_SetDataDirection(&Gpio_led, LED_CHANNEL, ~LED);
                                                  ^~~
make: *** [src/SysInitialize.o] ´íÎó 1
09:59:31 **** Auto Build of configuration Debug for project port_test ****
make all 
'Building file: ../src/SysInitialize.c'
'Invoking: MicroBlaze gcc compiler'
mb-gcc -Wall -O0 -g3 -c -fmessage-length=0 -MT"src/SysInitialize.o" -I../../port_test_bsp/microblaze_0/include -mno-xl-reorder -mlittle-endian -mxl-barrel-shift -mxl-pattern-compare -mcpu=v10.0 -mno-xl-soft-mul -Wl,--no-relax -ffunction-sections -fdata-sections -MMD -MP -MF"src/SysInitialize.d" -MT"src/SysInitialize.o" -o "src/SysInitialize.o" "../src/SysInitialize.c"
../src/SysInitialize.c: In function 'GPIO_Initialize':
../src/SysInitialize.c:11:31: warning: passing argument 1 of 'XGpio_Initialize' from incompatible pointer type [-Wincompatible-pointer-types]
     status = XGpio_Initialize(&InstancePtr, DeviceId);
                               ^
In file included from ../src/SysInitialize.h:12:0,
                 from ../src/SysInitialize.c:1:
../../port_test_bsp/microblaze_0/include/xgpio.h:172:5: note: expected 'XGpio * {aka struct <anonymous> *}' but argument is of type 'XGpio ** {aka struct <anonymous> **}'
 int XGpio_Initialize(XGpio *InstancePtr, u16 DeviceId);
     ^~~~~~~~~~~~~~~~
../src/SysInitialize.c: In function 'UART_Initialize':
../src/SysInitialize.c:30:35: warning: passing argument 1 of 'XUartLite_Initialize' from incompatible pointer type [-Wincompatible-pointer-types]
     status = XUartLite_Initialize(&InstancePtr, DeviceId);
                                   ^
In file included from ../src/SysInitialize.h:13:0,
                 from ../src/SysInitialize.c:1:
../../port_test_bsp/microblaze_0/include/xuartlite.h:244:5: note: expected 'XUartLite * {aka struct <anonymous> *}' but argument is of type 'XUartLite ** {aka struct <anonymous> **}'
 int XUartLite_Initialize(XUartLite *InstancePtr, u16 DeviceId);
     ^~~~~~~~~~~~~~~~~~~~
../src/SysInitialize.c: In function 'Timer_Initialize':
../src/SysInitialize.c:49:33: warning: passing argument 1 of 'XTmrCtr_Initialize' from incompatible pointer type [-Wincompatible-pointer-types]
     status = XTmrCtr_Initialize(&InstancePtr, DeviceId);
                                 ^
In file included from ../src/SysInitialize.h:14:0,
                 from ../src/SysInitialize.c:1:
../../port_test_bsp/microblaze_0/include/xtmrctr.h:281:5: note: expected 'XTmrCtr * {aka struct <anonymous> *}' but argument is of type 'XTmrCtr ** {aka struct <anonymous> **}'
 int XTmrCtr_Initialize(XTmrCtr * InstancePtr, u16 DeviceId);
     ^~~~~~~~~~~~~~~~~~
../src/SysInitialize.c: In function 'Intc_Initialize':
../src/SysInitialize.c:68:31: warning: passing argument 1 of 'XIntc_Initialize' from incompatible pointer type [-Wincompatible-pointer-types]
     status = XIntc_Initialize(&InstancePtr, DeviceId);
                               ^
In file included from ../src/SysInitialize.h:17:0,
                 from ../src/SysInitialize.c:1:
../../port_test_bsp/microblaze_0/include/xintc.h:335:5: note: expected 'XIntc * {aka struct <anonymous> *}' but argument is of type 'XIntc ** {aka struct <anonymous> **}'
 int XIntc_Initialize(XIntc * InstancePtr, u16 DeviceId);
     ^~~~~~~~~~~~~~~~
../src/SysInitialize.c: In function 'Sys_Initialize':
../src/SysInitialize.c:88:12: warning: implicit declaration of function 'GPIOInitialize' [-Wimplicit-function-declaration]
  status += GPIOInitialize(&Gpio_led,GPIO_LED_DEVICE_ID,"GPIO_LED");
            ^~~~~~~~~~~~~~
'Finished building: ../src/SysInitialize.c'
' '
'Building file: ../src/main.c'
'Invoking: MicroBlaze gcc compiler'
mb-gcc -Wall -O0 -g3 -c -fmessage-length=0 -MT"src/main.o" -I../../port_test_bsp/microblaze_0/include -mno-xl-reorder -mlittle-endian -mxl-barrel-shift -mxl-pattern-compare -mcpu=v10.0 -mno-xl-soft-mul -Wl,--no-relax -ffunction-sections -fdata-sections -MMD -MP -MF"src/main.d" -MT"src/main.o" -o "src/main.o" "../src/main.c"
../src/main.c: In function 'main':
../src/main.c:71:5: warning: variable 'recvbuf1' set but not used [-Wunused-but-set-variable]
  u8 recvbuf1[TEST_BUFFER_SIZE];
     ^~~~~~~~
../src/main.c:68:5: warning: unused variable 'tx_index' [-Wunused-variable]
  u8 tx_index = 0;
     ^~~~~~~~
../src/main.c:66:6: warning: unused variable 'status' [-Wunused-variable]
  int status;
      ^~~~~~
'Finished building: ../src/main.c'
' '
'Building target: port_test.elf'
'Invoking: MicroBlaze gcc linker'
mb-gcc -Wl,-T -Wl,../src/lscript.ld -L../../port_test_bsp/microblaze_0/lib -mlittle-endian -mxl-barrel-shift -mxl-pattern-compare -mcpu=v10.0 -mno-xl-soft-mul -Wl,--no-relax -Wl,--gc-sections -o "port_test.elf"  ./src/SysInitialize.o ./src/main.o   -Wl,--start-group,-lxil,-lgcc,-lc,--end-group
'Finished building target: port_test.elf'
' '
'Invoking: MicroBlaze Print Size'
mb-size port_test.elf  |tee "port_test.elf.size"
   text	   data	    bss	    dec	    hex	filename
   3150	    344	   3346	   6840	   1ab8	port_test.elf
'Finished building: port_test.elf.size'
' '
09:59:35 **** Auto Build of configuration Debug for project port_test ****
make all 
'Building file: ../src/main.c'
'Invoking: MicroBlaze gcc compiler'
mb-gcc -Wall -O0 -g3 -c -fmessage-length=0 -MT"src/main.o" -I../../port_test_bsp/microblaze_0/include -mno-xl-reorder -mlittle-endian -mxl-barrel-shift -mxl-pattern-compare -mcpu=v10.0 -mno-xl-soft-mul -Wl,--no-relax -ffunction-sections -fdata-sections -MMD -MP -MF"src/main.d" -MT"src/main.o" -o "src/main.o" "../src/main.c"
../src/main.c: In function 'main':
../src/main.c:66:5: warning: variable 'recvbuf1' set but not used [-Wunused-but-set-variable]
  u8 recvbuf1[TEST_BUFFER_SIZE];
     ^~~~~~~~
../src/main.c:63:5: warning: unused variable 'tx_index' [-Wunused-variable]
  u8 tx_index = 0;
     ^~~~~~~~
../src/main.c:61:6: warning: unused variable 'status' [-Wunused-variable]
  int status;
      ^~~~~~
'Finished building: ../src/main.c'
' '
'Building target: port_test.elf'
'Invoking: MicroBlaze gcc linker'
mb-gcc -Wl,-T -Wl,../src/lscript.ld -L../../port_test_bsp/microblaze_0/lib -mlittle-endian -mxl-barrel-shift -mxl-pattern-compare -mcpu=v10.0 -mno-xl-soft-mul -Wl,--no-relax -Wl,--gc-sections -o "port_test.elf"  ./src/SysInitialize.o ./src/main.o   -Wl,--start-group,-lxil,-lgcc,-lc,--end-group
'Finished building target: port_test.elf'
' '
'Invoking: MicroBlaze Print Size'
mb-size port_test.elf  |tee "port_test.elf.size"
   text	   data	    bss	    dec	    hex	filename
   3150	    344	   3346	   6840	   1ab8	port_test.elf
'Finished building: port_test.elf.size'
' '
10:00:35 **** Auto Build of configuration Debug for project port_test ****
make all 
'Building file: ../src/main.c'
'Invoking: MicroBlaze gcc compiler'
mb-gcc -Wall -O0 -g3 -c -fmessage-length=0 -MT"src/main.o" -I../../port_test_bsp/microblaze_0/include -mno-xl-reorder -mlittle-endian -mxl-barrel-shift -mxl-pattern-compare -mcpu=v10.0 -mno-xl-soft-mul -Wl,--no-relax -ffunction-sections -fdata-sections -MMD -MP -MF"src/main.d" -MT"src/main.o" -o "src/main.o" "../src/main.c"
../src/main.c: In function 'main':
../src/main.c:71:2: warning: implicit declaration of function 'Sys_Initialize' [-Wimplicit-function-declaration]
  Sys_Initialize();
  ^~~~~~~~~~~~~~
../src/main.c:66:5: warning: variable 'recvbuf1' set but not used [-Wunused-but-set-variable]
  u8 recvbuf1[TEST_BUFFER_SIZE];
     ^~~~~~~~
../src/main.c:63:5: warning: unused variable 'tx_index' [-Wunused-variable]
  u8 tx_index = 0;
     ^~~~~~~~
../src/main.c:61:6: warning: unused variable 'status' [-Wunused-variable]
  int status;
      ^~~~~~
'Finished building: ../src/main.c'
' '
'Building target: port_test.elf'
'Invoking: MicroBlaze gcc linker'
mb-gcc -Wl,-T -Wl,../src/lscript.ld -L../../port_test_bsp/microblaze_0/lib -mlittle-endian -mxl-barrel-shift -mxl-pattern-compare -mcpu=v10.0 -mno-xl-soft-mul -Wl,--no-relax -Wl,--gc-sections -o "port_test.elf"  ./src/SysInitialize.o ./src/main.o   -Wl,--start-group,-lxil,-lgcc,-lc,--end-group
./src/SysInitialize.o: In function `Sys_Initialize':
D:\01_Xilinx_FPGA\LedRun\LedRun.sdk\port_test\Debug/../src/SysInitialize.c:88: undefined reference to `GPIOInitialize'
collect2.exe: error: ld returned 1 exit status
make: *** [port_test.elf] ´íÎó 1
10:01:05 **** Auto Build of configuration Debug for project port_test ****
make all 
'Building file: ../src/SysInitialize.c'
'Invoking: MicroBlaze gcc compiler'
mb-gcc -Wall -O0 -g3 -c -fmessage-length=0 -MT"src/SysInitialize.o" -I../../port_test_bsp/microblaze_0/include -mno-xl-reorder -mlittle-endian -mxl-barrel-shift -mxl-pattern-compare -mcpu=v10.0 -mno-xl-soft-mul -Wl,--no-relax -ffunction-sections -fdata-sections -MMD -MP -MF"src/SysInitialize.d" -MT"src/SysInitialize.o" -o "src/SysInitialize.o" "../src/SysInitialize.c"
../src/SysInitialize.c: In function 'GPIO_Initialize':
../src/SysInitialize.c:11:31: warning: passing argument 1 of 'XGpio_Initialize' from incompatible pointer type [-Wincompatible-pointer-types]
     status = XGpio_Initialize(&InstancePtr, DeviceId);
                               ^
In file included from ../src/SysInitialize.h:12:0,
                 from ../src/SysInitialize.c:1:
../../port_test_bsp/microblaze_0/include/xgpio.h:172:5: note: expected 'XGpio * {aka struct <anonymous> *}' but argument is of type 'XGpio ** {aka struct <anonymous> **}'
 int XGpio_Initialize(XGpio *InstancePtr, u16 DeviceId);
     ^~~~~~~~~~~~~~~~
../src/SysInitialize.c: In function 'UART_Initialize':
../src/SysInitialize.c:30:35: warning: passing argument 1 of 'XUartLite_Initialize' from incompatible pointer type [-Wincompatible-pointer-types]
     status = XUartLite_Initialize(&InstancePtr, DeviceId);
                                   ^
In file included from ../src/SysInitialize.h:13:0,
                 from ../src/SysInitialize.c:1:
../../port_test_bsp/microblaze_0/include/xuartlite.h:244:5: note: expected 'XUartLite * {aka struct <anonymous> *}' but argument is of type 'XUartLite ** {aka struct <anonymous> **}'
 int XUartLite_Initialize(XUartLite *InstancePtr, u16 DeviceId);
     ^~~~~~~~~~~~~~~~~~~~
../src/SysInitialize.c: In function 'Timer_Initialize':
../src/SysInitialize.c:49:33: warning: passing argument 1 of 'XTmrCtr_Initialize' from incompatible pointer type [-Wincompatible-pointer-types]
     status = XTmrCtr_Initialize(&InstancePtr, DeviceId);
                                 ^
In file included from ../src/SysInitialize.h:14:0,
                 from ../src/SysInitialize.c:1:
../../port_test_bsp/microblaze_0/include/xtmrctr.h:281:5: note: expected 'XTmrCtr * {aka struct <anonymous> *}' but argument is of type 'XTmrCtr ** {aka struct <anonymous> **}'
 int XTmrCtr_Initialize(XTmrCtr * InstancePtr, u16 DeviceId);
     ^~~~~~~~~~~~~~~~~~
../src/SysInitialize.c: In function 'Intc_Initialize':
../src/SysInitialize.c:68:31: warning: passing argument 1 of 'XIntc_Initialize' from incompatible pointer type [-Wincompatible-pointer-types]
     status = XIntc_Initialize(&InstancePtr, DeviceId);
                               ^
In file included from ../src/SysInitialize.h:17:0,
                 from ../src/SysInitialize.c:1:
../../port_test_bsp/microblaze_0/include/xintc.h:335:5: note: expected 'XIntc * {aka struct <anonymous> *}' but argument is of type 'XIntc ** {aka struct <anonymous> **}'
 int XIntc_Initialize(XIntc * InstancePtr, u16 DeviceId);
     ^~~~~~~~~~~~~~~~
'Finished building: ../src/SysInitialize.c'
' '
'Building target: port_test.elf'
'Invoking: MicroBlaze gcc linker'
mb-gcc -Wl,-T -Wl,../src/lscript.ld -L../../port_test_bsp/microblaze_0/lib -mlittle-endian -mxl-barrel-shift -mxl-pattern-compare -mcpu=v10.0 -mno-xl-soft-mul -Wl,--no-relax -Wl,--gc-sections -o "port_test.elf"  ./src/SysInitialize.o ./src/main.o   -Wl,--start-group,-lxil,-lgcc,-lc,--end-group
'Finished building target: port_test.elf'
' '
'Invoking: MicroBlaze Print Size'
mb-size port_test.elf  |tee "port_test.elf.size"
   text	   data	    bss	    dec	    hex	filename
   8896	    412	   3476	  12784	   31f0	port_test.elf
'Finished building: port_test.elf.size'
' '
10:01:38 **** Auto Build of configuration Debug for project port_test ****
make all 
'Building file: ../src/SysInitialize.c'
'Invoking: MicroBlaze gcc compiler'
mb-gcc -Wall -O0 -g3 -c -fmessage-length=0 -MT"src/SysInitialize.o" -I../../port_test_bsp/microblaze_0/include -mno-xl-reorder -mlittle-endian -mxl-barrel-shift -mxl-pattern-compare -mcpu=v10.0 -mno-xl-soft-mul -Wl,--no-relax -ffunction-sections -fdata-sections -MMD -MP -MF"src/SysInitialize.d" -MT"src/SysInitialize.o" -o "src/SysInitialize.o" "../src/SysInitialize.c"
../src/SysInitialize.c: In function 'GPIO_Initialize':
../src/SysInitialize.c:11:31: warning: passing argument 1 of 'XGpio_Initialize' from incompatible pointer type [-Wincompatible-pointer-types]
     status = XGpio_Initialize(&InstancePtr, DeviceId);
                               ^
In file included from ../src/SysInitialize.h:12:0,
                 from ../src/SysInitialize.c:1:
../../port_test_bsp/microblaze_0/include/xgpio.h:172:5: note: expected 'XGpio * {aka struct <anonymous> *}' but argument is of type 'XGpio ** {aka struct <anonymous> **}'
 int XGpio_Initialize(XGpio *InstancePtr, u16 DeviceId);
     ^~~~~~~~~~~~~~~~
../src/SysInitialize.c: In function 'UART_Initialize':
../src/SysInitialize.c:30:35: warning: passing argument 1 of 'XUartLite_Initialize' from incompatible pointer type [-Wincompatible-pointer-types]
     status = XUartLite_Initialize(&InstancePtr, DeviceId);
                                   ^
In file included from ../src/SysInitialize.h:13:0,
                 from ../src/SysInitialize.c:1:
../../port_test_bsp/microblaze_0/include/xuartlite.h:244:5: note: expected 'XUartLite * {aka struct <anonymous> *}' but argument is of type 'XUartLite ** {aka struct <anonymous> **}'
 int XUartLite_Initialize(XUartLite *InstancePtr, u16 DeviceId);
     ^~~~~~~~~~~~~~~~~~~~
../src/SysInitialize.c: In function 'Timer_Initialize':
../src/SysInitialize.c:49:33: warning: passing argument 1 of 'XTmrCtr_Initialize' from incompatible pointer type [-Wincompatible-pointer-types]
     status = XTmrCtr_Initialize(&InstancePtr, DeviceId);
                                 ^
In file included from ../src/SysInitialize.h:14:0,
                 from ../src/SysInitialize.c:1:
../../port_test_bsp/microblaze_0/include/xtmrctr.h:281:5: note: expected 'XTmrCtr * {aka struct <anonymous> *}' but argument is of type 'XTmrCtr ** {aka struct <anonymous> **}'
 int XTmrCtr_Initialize(XTmrCtr * InstancePtr, u16 DeviceId);
     ^~~~~~~~~~~~~~~~~~
../src/SysInitialize.c: In function 'Intc_Initialize':
../src/SysInitialize.c:68:31: warning: passing argument 1 of 'XIntc_Initialize' from incompatible pointer type [-Wincompatible-pointer-types]
     status = XIntc_Initialize(&InstancePtr, DeviceId);
                               ^
In file included from ../src/SysInitialize.h:17:0,
                 from ../src/SysInitialize.c:1:
../../port_test_bsp/microblaze_0/include/xintc.h:335:5: note: expected 'XIntc * {aka struct <anonymous> *}' but argument is of type 'XIntc ** {aka struct <anonymous> **}'
 int XIntc_Initialize(XIntc * InstancePtr, u16 DeviceId);
     ^~~~~~~~~~~~~~~~
'Finished building: ../src/SysInitialize.c'
' '
'Building file: ../src/main.c'
'Invoking: MicroBlaze gcc compiler'
mb-gcc -Wall -O0 -g3 -c -fmessage-length=0 -MT"src/main.o" -I../../port_test_bsp/microblaze_0/include -mno-xl-reorder -mlittle-endian -mxl-barrel-shift -mxl-pattern-compare -mcpu=v10.0 -mno-xl-soft-mul -Wl,--no-relax -ffunction-sections -fdata-sections -MMD -MP -MF"src/main.d" -MT"src/main.o" -o "src/main.o" "../src/main.c"
../src/main.c: In function 'main':
../src/main.c:66:5: warning: variable 'recvbuf1' set but not used [-Wunused-but-set-variable]
  u8 recvbuf1[TEST_BUFFER_SIZE];
     ^~~~~~~~
../src/main.c:63:5: warning: unused variable 'tx_index' [-Wunused-variable]
  u8 tx_index = 0;
     ^~~~~~~~
../src/main.c:61:6: warning: unused variable 'status' [-Wunused-variable]
  int status;
      ^~~~~~
'Finished building: ../src/main.c'
' '
'Building target: port_test.elf'
'Invoking: MicroBlaze gcc linker'
mb-gcc -Wl,-T -Wl,../src/lscript.ld -L../../port_test_bsp/microblaze_0/lib -mlittle-endian -mxl-barrel-shift -mxl-pattern-compare -mcpu=v10.0 -mno-xl-soft-mul -Wl,--no-relax -Wl,--gc-sections -o "port_test.elf"  ./src/SysInitialize.o ./src/main.o   -Wl,--start-group,-lxil,-lgcc,-lc,--end-group
'Finished building target: port_test.elf'
' '
'Invoking: MicroBlaze Print Size'
mb-size port_test.elf  |tee "port_test.elf.size"
   text	   data	    bss	    dec	    hex	filename
   8896	    412	   3476	  12784	   31f0	port_test.elf
'Finished building: port_test.elf.size'
' '
10:02:05 **** Auto Build of configuration Debug for project port_test ****
make all 
'Building file: ../src/SysInitialize.c'
'Invoking: MicroBlaze gcc compiler'
mb-gcc -Wall -O0 -g3 -c -fmessage-length=0 -MT"src/SysInitialize.o" -I../../port_test_bsp/microblaze_0/include -mno-xl-reorder -mlittle-endian -mxl-barrel-shift -mxl-pattern-compare -mcpu=v10.0 -mno-xl-soft-mul -Wl,--no-relax -ffunction-sections -fdata-sections -MMD -MP -MF"src/SysInitialize.d" -MT"src/SysInitialize.o" -o "src/SysInitialize.o" "../src/SysInitialize.c"
../src/SysInitialize.c: In function 'GPIO_Initialize':
../src/SysInitialize.c:11:31: warning: passing argument 1 of 'XGpio_Initialize' from incompatible pointer type [-Wincompatible-pointer-types]
     status = XGpio_Initialize(&InstancePtr, DeviceId);
                               ^
In file included from ../src/SysInitialize.h:12:0,
                 from ../src/SysInitialize.c:1:
../../port_test_bsp/microblaze_0/include/xgpio.h:172:5: note: expected 'XGpio * {aka struct <anonymous> *}' but argument is of type 'XGpio ** {aka struct <anonymous> **}'
 int XGpio_Initialize(XGpio *InstancePtr, u16 DeviceId);
     ^~~~~~~~~~~~~~~~
../src/SysInitialize.c: In function 'UART_Initialize':
../src/SysInitialize.c:30:35: warning: passing argument 1 of 'XUartLite_Initialize' from incompatible pointer type [-Wincompatible-pointer-types]
     status = XUartLite_Initialize(&InstancePtr, DeviceId);
                                   ^
In file included from ../src/SysInitialize.h:13:0,
                 from ../src/SysInitialize.c:1:
../../port_test_bsp/microblaze_0/include/xuartlite.h:244:5: note: expected 'XUartLite * {aka struct <anonymous> *}' but argument is of type 'XUartLite ** {aka struct <anonymous> **}'
 int XUartLite_Initialize(XUartLite *InstancePtr, u16 DeviceId);
     ^~~~~~~~~~~~~~~~~~~~
../src/SysInitialize.c: In function 'Timer_Initialize':
../src/SysInitialize.c:49:33: warning: passing argument 1 of 'XTmrCtr_Initialize' from incompatible pointer type [-Wincompatible-pointer-types]
     status = XTmrCtr_Initialize(&InstancePtr, DeviceId);
                                 ^
In file included from ../src/SysInitialize.h:14:0,
                 from ../src/SysInitialize.c:1:
../../port_test_bsp/microblaze_0/include/xtmrctr.h:281:5: note: expected 'XTmrCtr * {aka struct <anonymous> *}' but argument is of type 'XTmrCtr ** {aka struct <anonymous> **}'
 int XTmrCtr_Initialize(XTmrCtr * InstancePtr, u16 DeviceId);
     ^~~~~~~~~~~~~~~~~~
'Finished building: ../src/SysInitialize.c'
' '
'Building target: port_test.elf'
'Invoking: MicroBlaze gcc linker'
mb-gcc -Wl,-T -Wl,../src/lscript.ld -L../../port_test_bsp/microblaze_0/lib -mlittle-endian -mxl-barrel-shift -mxl-pattern-compare -mcpu=v10.0 -mno-xl-soft-mul -Wl,--no-relax -Wl,--gc-sections -o "port_test.elf"  ./src/SysInitialize.o ./src/main.o   -Wl,--start-group,-lxil,-lgcc,-lc,--end-group
'Finished building target: port_test.elf'
' '
'Invoking: MicroBlaze Print Size'
mb-size port_test.elf  |tee "port_test.elf.size"
   text	   data	    bss	    dec	    hex	filename
   8892	    412	   3480	  12784	   31f0	port_test.elf
'Finished building: port_test.elf.size'
' '
10:02:22 **** Auto Build of configuration Debug for project port_test ****
make all 
'Building file: ../src/SysInitialize.c'
'Invoking: MicroBlaze gcc compiler'
mb-gcc -Wall -O0 -g3 -c -fmessage-length=0 -MT"src/SysInitialize.o" -I../../port_test_bsp/microblaze_0/include -mno-xl-reorder -mlittle-endian -mxl-barrel-shift -mxl-pattern-compare -mcpu=v10.0 -mno-xl-soft-mul -Wl,--no-relax -ffunction-sections -fdata-sections -MMD -MP -MF"src/SysInitialize.d" -MT"src/SysInitialize.o" -o "src/SysInitialize.o" "../src/SysInitialize.c"
'Finished building: ../src/SysInitialize.c'
' '
'Building target: port_test.elf'
'Invoking: MicroBlaze gcc linker'
mb-gcc -Wl,-T -Wl,../src/lscript.ld -L../../port_test_bsp/microblaze_0/lib -mlittle-endian -mxl-barrel-shift -mxl-pattern-compare -mcpu=v10.0 -mno-xl-soft-mul -Wl,--no-relax -Wl,--gc-sections -o "port_test.elf"  ./src/SysInitialize.o ./src/main.o   -Wl,--start-group,-lxil,-lgcc,-lc,--end-group
'Finished building target: port_test.elf'
' '
'Invoking: MicroBlaze Print Size'
mb-size port_test.elf  |tee "port_test.elf.size"
   text	   data	    bss	    dec	    hex	filename
   8884	    412	   3480	  12776	   31e8	port_test.elf
'Finished building: port_test.elf.size'
' '
10:03:27 **** Auto Build of configuration Debug for project port_test ****
make all 
'Building file: ../src/SysInitialize.c'
'Invoking: MicroBlaze gcc compiler'
mb-gcc -Wall -O0 -g3 -c -fmessage-length=0 -MT"src/SysInitialize.o" -I../../port_test_bsp/microblaze_0/include -mno-xl-reorder -mlittle-endian -mxl-barrel-shift -mxl-pattern-compare -mcpu=v10.0 -mno-xl-soft-mul -Wl,--no-relax -ffunction-sections -fdata-sections -MMD -MP -MF"src/SysInitialize.d" -MT"src/SysInitialize.o" -o "src/SysInitialize.o" "../src/SysInitialize.c"
'Finished building: ../src/SysInitialize.c'
' '
'Building target: port_test.elf'
'Invoking: MicroBlaze gcc linker'
mb-gcc -Wl,-T -Wl,../src/lscript.ld -L../../port_test_bsp/microblaze_0/lib -mlittle-endian -mxl-barrel-shift -mxl-pattern-compare -mcpu=v10.0 -mno-xl-soft-mul -Wl,--no-relax -Wl,--gc-sections -o "port_test.elf"  ./src/SysInitialize.o ./src/main.o   -Wl,--start-group,-lxil,-lgcc,-lc,--end-group
'Finished building target: port_test.elf'
' '
'Invoking: MicroBlaze Print Size'
mb-size port_test.elf  |tee "port_test.elf.size"
   text	   data	    bss	    dec	    hex	filename
   8824	    412	   3476	  12712	   31a8	port_test.elf
'Finished building: port_test.elf.size'
' '
10:03:51 **** Auto Build of configuration Debug for project port_test ****
make all 
'Building file: ../src/SysInitialize.c'
'Invoking: MicroBlaze gcc compiler'
mb-gcc -Wall -O0 -g3 -c -fmessage-length=0 -MT"src/SysInitialize.o" -I../../port_test_bsp/microblaze_0/include -mno-xl-reorder -mlittle-endian -mxl-barrel-shift -mxl-pattern-compare -mcpu=v10.0 -mno-xl-soft-mul -Wl,--no-relax -ffunction-sections -fdata-sections -MMD -MP -MF"src/SysInitialize.d" -MT"src/SysInitialize.o" -o "src/SysInitialize.o" "../src/SysInitialize.c"
'Finished building: ../src/SysInitialize.c'
' '
'Building target: port_test.elf'
'Invoking: MicroBlaze gcc linker'
mb-gcc -Wl,-T -Wl,../src/lscript.ld -L../../port_test_bsp/microblaze_0/lib -mlittle-endian -mxl-barrel-shift -mxl-pattern-compare -mcpu=v10.0 -mno-xl-soft-mul -Wl,--no-relax -Wl,--gc-sections -o "port_test.elf"  ./src/SysInitialize.o ./src/main.o   -Wl,--start-group,-lxil,-lgcc,-lc,--end-group
'Finished building target: port_test.elf'
' '
'Invoking: MicroBlaze Print Size'
mb-size port_test.elf  |tee "port_test.elf.size"
   text	   data	    bss	    dec	    hex	filename
   8824	    412	   3476	  12712	   31a8	port_test.elf
'Finished building: port_test.elf.size'
' '
10:04:03 **** Auto Build of configuration Debug for project port_test ****
make all 
'Building file: ../src/main.c'
'Invoking: MicroBlaze gcc compiler'
mb-gcc -Wall -O0 -g3 -c -fmessage-length=0 -MT"src/main.o" -I../../port_test_bsp/microblaze_0/include -mno-xl-reorder -mlittle-endian -mxl-barrel-shift -mxl-pattern-compare -mcpu=v10.0 -mno-xl-soft-mul -Wl,--no-relax -ffunction-sections -fdata-sections -MMD -MP -MF"src/main.d" -MT"src/main.o" -o "src/main.o" "../src/main.c"
../src/main.c: In function 'main':
../src/main.c:66:5: warning: variable 'recvbuf1' set but not used [-Wunused-but-set-variable]
  u8 recvbuf1[TEST_BUFFER_SIZE];
     ^~~~~~~~
../src/main.c:63:5: warning: unused variable 'tx_index' [-Wunused-variable]
  u8 tx_index = 0;
     ^~~~~~~~
'Finished building: ../src/main.c'
' '
'Building target: port_test.elf'
'Invoking: MicroBlaze gcc linker'
mb-gcc -Wl,-T -Wl,../src/lscript.ld -L../../port_test_bsp/microblaze_0/lib -mlittle-endian -mxl-barrel-shift -mxl-pattern-compare -mcpu=v10.0 -mno-xl-soft-mul -Wl,--no-relax -Wl,--gc-sections -o "port_test.elf"  ./src/SysInitialize.o ./src/main.o   -Wl,--start-group,-lxil,-lgcc,-lc,--end-group
'Finished building target: port_test.elf'
' '
'Invoking: MicroBlaze Print Size'
mb-size port_test.elf  |tee "port_test.elf.size"
   text	   data	    bss	    dec	    hex	filename
   8888	    412	   3476	  12776	   31e8	port_test.elf
'Finished building: port_test.elf.size'
' '
10:04:27 **** Auto Build of configuration Debug for project port_test ****
make all 
'Building file: ../src/main.c'
'Invoking: MicroBlaze gcc compiler'
mb-gcc -Wall -O0 -g3 -c -fmessage-length=0 -MT"src/main.o" -I../../port_test_bsp/microblaze_0/include -mno-xl-reorder -mlittle-endian -mxl-barrel-shift -mxl-pattern-compare -mcpu=v10.0 -mno-xl-soft-mul -Wl,--no-relax -ffunction-sections -fdata-sections -MMD -MP -MF"src/main.d" -MT"src/main.o" -o "src/main.o" "../src/main.c"
../src/main.c: In function 'main':
../src/main.c:65:5: warning: variable 'recvbuf1' set but not used [-Wunused-but-set-variable]
  u8 recvbuf1[TEST_BUFFER_SIZE];
     ^~~~~~~~
'Finished building: ../src/main.c'
' '
'Building target: port_test.elf'
'Invoking: MicroBlaze gcc linker'
mb-gcc -Wl,-T -Wl,../src/lscript.ld -L../../port_test_bsp/microblaze_0/lib -mlittle-endian -mxl-barrel-shift -mxl-pattern-compare -mcpu=v10.0 -mno-xl-soft-mul -Wl,--no-relax -Wl,--gc-sections -o "port_test.elf"  ./src/SysInitialize.o ./src/main.o   -Wl,--start-group,-lxil,-lgcc,-lc,--end-group
'Finished building target: port_test.elf'
' '
'Invoking: MicroBlaze Print Size'
mb-size port_test.elf  |tee "port_test.elf.size"
   text	   data	    bss	    dec	    hex	filename
   8884	    412	   3480	  12776	   31e8	port_test.elf
'Finished building: port_test.elf.size'
' '
10:04:49 **** Auto Build of configuration Debug for project port_test ****
make all 
'Building file: ../src/main.c'
'Invoking: MicroBlaze gcc compiler'
mb-gcc -Wall -O0 -g3 -c -fmessage-length=0 -MT"src/main.o" -I../../port_test_bsp/microblaze_0/include -mno-xl-reorder -mlittle-endian -mxl-barrel-shift -mxl-pattern-compare -mcpu=v10.0 -mno-xl-soft-mul -Wl,--no-relax -ffunction-sections -fdata-sections -MMD -MP -MF"src/main.d" -MT"src/main.o" -o "src/main.o" "../src/main.c"
../src/main.c: In function 'main':
../src/main.c:37:5: warning: variable 'recvbuf1' set but not used [-Wunused-but-set-variable]
  u8 recvbuf1[TEST_BUFFER_SIZE];
     ^~~~~~~~
'Finished building: ../src/main.c'
' '
'Building target: port_test.elf'
'Invoking: MicroBlaze gcc linker'
mb-gcc -Wl,-T -Wl,../src/lscript.ld -L../../port_test_bsp/microblaze_0/lib -mlittle-endian -mxl-barrel-shift -mxl-pattern-compare -mcpu=v10.0 -mno-xl-soft-mul -Wl,--no-relax -Wl,--gc-sections -o "port_test.elf"  ./src/SysInitialize.o ./src/main.o   -Wl,--start-group,-lxil,-lgcc,-lc,--end-group
'Finished building target: port_test.elf'
' '
'Invoking: MicroBlaze Print Size'
mb-size port_test.elf  |tee "port_test.elf.size"
   text	   data	    bss	    dec	    hex	filename
   8884	    412	   3480	  12776	   31e8	port_test.elf
'Finished building: port_test.elf.size'
' '
10:05:04 **** Incremental Build of configuration Debug for project port_test ****
make all 
make: Nothing to be done for `all'.
10:05:25 **** Incremental Build of configuration Debug for project port_test ****
make all 
make: Nothing to be done for `all'.
[...]
'Finished building target: port_test.elf'
' '
'Invoking: MicroBlaze Print Size'
mb-size port_test.elf  |tee "port_test.elf.size"
   text	   data	    bss	    dec	    hex	filename
  16588	    460	   3584	  20632	   5098	port_test.elf
'Finished building: port_test.elf.size'
' '
12:22:30 **** Incremental Build of configuration Debug for project port_test ****
make all 
make: Nothing to be done for `all'.
12:37:55 **** Incremental Build of configuration Debug for project port_test ****
make all 
'Building file: ../src/main.c'
'Invoking: MicroBlaze gcc compiler'
mb-gcc -Wall -O0 -g3 -c -fmessage-length=0 -MT"src/main.o" -I../../port_test_bsp/microblaze_0/include -mno-xl-reorder -mlittle-endian -mxl-barrel-shift -mxl-pattern-compare -mcpu=v10.0 -mno-xl-soft-mul -Wl,--no-relax -ffunction-sections -fdata-sections -MMD -MP -MF"src/main.d" -MT"src/main.o" -o "src/main.o" "../src/main.c"
../src/main.c: In function 'main':
../src/main.c:89:5: warning: variable 'recvbuf1' set but not used [-Wunused-but-set-variable]
  u8 recvbuf1[TEST_BUFFER_SIZE];
     ^~~~~~~~
'Finished building: ../src/main.c'
' '
'Building target: port_test.elf'
'Invoking: MicroBlaze gcc linker'
mb-gcc -Wl,-T -Wl,../src/lscript.ld -L../../port_test_bsp/microblaze_0/lib -mlittle-endian -mxl-barrel-shift -mxl-pattern-compare -mcpu=v10.0 -mno-xl-soft-mul -Wl,--no-relax -Wl,--gc-sections -o "port_test.elf"  ./src/SysInitialize.o ./src/func.o ./src/main.o   -Wl,--start-group,-lxil,-lgcc,-lc,--end-group
'Finished building target: port_test.elf'
' '
'Invoking: MicroBlaze Print Size'
mb-size port_test.elf  |tee "port_test.elf.size"
   text	   data	    bss	    dec	    hex	filename
  16372	    460	   3584	  20416	   4fc0	port_test.elf
'Finished building: port_test.elf.size'
' '
12:41:45 **** Auto Build of configuration Debug for project port_test ****
make all 
'Building file: ../src/main.c'
'Invoking: MicroBlaze gcc compiler'
mb-gcc -Wall -O0 -g3 -c -fmessage-length=0 -MT"src/main.o" -I../../port_test_bsp/microblaze_0/include -mno-xl-reorder -mlittle-endian -mxl-barrel-shift -mxl-pattern-compare -mcpu=v10.0 -mno-xl-soft-mul -Wl,--no-relax -ffunction-sections -fdata-sections -MMD -MP -MF"src/main.d" -MT"src/main.o" -o "src/main.o" "../src/main.c"
../src/main.c: In function 'main':
../src/main.c:89:5: warning: variable 'recvbuf1' set but not used [-Wunused-but-set-variable]
  u8 recvbuf1[TEST_BUFFER_SIZE];
     ^~~~~~~~
'Finished building: ../src/main.c'
' '
'Building target: port_test.elf'
'Invoking: MicroBlaze gcc linker'
mb-gcc -Wl,-T -Wl,../src/lscript.ld -L../../port_test_bsp/microblaze_0/lib -mlittle-endian -mxl-barrel-shift -mxl-pattern-compare -mcpu=v10.0 -mno-xl-soft-mul -Wl,--no-relax -Wl,--gc-sections -o "port_test.elf"  ./src/SysInitialize.o ./src/func.o ./src/main.o   -Wl,--start-group,-lxil,-lgcc,-lc,--end-group
'Finished building target: port_test.elf'
' '
'Invoking: MicroBlaze Print Size'
mb-size port_test.elf  |tee "port_test.elf.size"
   text	   data	    bss	    dec	    hex	filename
  19108	    460	   3584	  23152	   5a70	port_test.elf
'Finished building: port_test.elf.size'
' '
12:41:47 **** Incremental Build of configuration Debug for project port_test ****
make all 
make: Nothing to be done for `all'.
12:42:02 **** Incremental Build of configuration Debug for project port_test ****
make all 
make: Nothing to be done for `all'.
15:16:33 **** Auto Build of configuration Debug for project port_test ****
make all 
'Building file: ../src/main.c'
'Invoking: MicroBlaze gcc compiler'
mb-gcc -Wall -O0 -g3 -c -fmessage-length=0 -MT"src/main.o" -I../../port_test_bsp/microblaze_0/include -mno-xl-reorder -mlittle-endian -mxl-barrel-shift -mxl-pattern-compare -mcpu=v10.0 -mno-xl-soft-mul -Wl,--no-relax -ffunction-sections -fdata-sections -MMD -MP -MF"src/main.d" -MT"src/main.o" -o "src/main.o" "../src/main.c"
../src/main.c:13:0: warning: "TEST_BUFFER_SIZE" redefined
 #define TEST_BUFFER_SIZE  2
 
In file included from ../src/main.c:8:0:
../src/SysInitialize.h:50:0: note: this is the location of the previous definition
 #define TEST_BUFFER_SIZE  100
 
../src/main.c: In function 'main':
../src/main.c:106:3: error: 'recvbuf1' undeclared (first use in this function)
   recvbuf1[Index] = 0;
   ^~~~~~~~
../src/main.c:106:3: note: each undeclared identifier is reported only once for each function it appears in
../src/main.c:89:5: warning: unused variable 'recvbuf' [-Wunused-variable]
  u8 recvbuf[TEST_BUFFER_SIZE];
     ^~~~~~~
make: *** [src/main.o] ´íÎó 1
15:16:52 **** Auto Build of configuration Debug for project port_test ****
make all 
'Building file: ../src/main.c'
'Invoking: MicroBlaze gcc compiler'
mb-gcc -Wall -O0 -g3 -c -fmessage-length=0 -MT"src/main.o" -I../../port_test_bsp/microblaze_0/include -mno-xl-reorder -mlittle-endian -mxl-barrel-shift -mxl-pattern-compare -mcpu=v10.0 -mno-xl-soft-mul -Wl,--no-relax -ffunction-sections -fdata-sections -MMD -MP -MF"src/main.d" -MT"src/main.o" -o "src/main.o" "../src/main.c"
../src/main.c: In function 'main':
../src/main.c:108:3: error: 'recvbuf1' undeclared (first use in this function)
   recvbuf1[Index] = 0;
   ^~~~~~~~
../src/main.c:108:3: note: each undeclared identifier is reported only once for each function it appears in
../src/main.c:91:5: warning: unused variable 'recvbuf' [-Wunused-variable]
  u8 recvbuf[TEST_BUFFER_SIZE];
     ^~~~~~~
make: *** [src/main.o] ´íÎó 1
15:18:36 **** Auto Build of configuration Debug for project port_test ****
make all 
'Building file: ../src/main.c'
'Invoking: MicroBlaze gcc compiler'
mb-gcc -Wall -O0 -g3 -c -fmessage-length=0 -MT"src/main.o" -I../../port_test_bsp/microblaze_0/include -mno-xl-reorder -mlittle-endian -mxl-barrel-shift -mxl-pattern-compare -mcpu=v10.0 -mno-xl-soft-mul -Wl,--no-relax -ffunction-sections -fdata-sections -MMD -MP -MF"src/main.d" -MT"src/main.o" -o "src/main.o" "../src/main.c"
../src/main.c: In function 'main':
../src/main.c:170:53: warning: passing argument 3 of 'XIic_MasterRecv_zj' makes integer from pointer without a cast [-Wint-conversion]
      tx_count =  XIic_MasterRecv_zj(&IIC0, recvbuf, recvbuf);
                                                     ^~~~~~~
In file included from ../src/main.c:9:0:
../src/func.h:14:5: note: expected 'int' but argument is of type 'u8 * {aka unsigned char *}'
 int XIic_MasterRecv_zj(XIic *InstancePtr, u8 *RxMsgPtr, int ByteCount);
     ^~~~~~~~~~~~~~~~~~
'Finished building: ../src/main.c'
' '
'Building target: port_test.elf'
'Invoking: MicroBlaze gcc linker'
mb-gcc -Wl,-T -Wl,../src/lscript.ld -L../../port_test_bsp/microblaze_0/lib -mlittle-endian -mxl-barrel-shift -mxl-pattern-compare -mcpu=v10.0 -mno-xl-soft-mul -Wl,--no-relax -Wl,--gc-sections -o "port_test.elf"  ./src/SysInitialize.o ./src/func.o ./src/main.o   -Wl,--start-group,-lxil,-lgcc,-lc,--end-group
'Finished building target: port_test.elf'
' '
'Invoking: MicroBlaze Print Size'
mb-size port_test.elf  |tee "port_test.elf.size"
   text	   data	    bss	    dec	    hex	filename
  19096	    460	   3580	  23136	   5a60	port_test.elf
'Finished building: port_test.elf.size'
' '
15:18:51 **** Auto Build of configuration Debug for project port_test ****
make all 
'Building file: ../src/main.c'
'Invoking: MicroBlaze gcc compiler'
mb-gcc -Wall -O0 -g3 -c -fmessage-length=0 -MT"src/main.o" -I../../port_test_bsp/microblaze_0/include -mno-xl-reorder -mlittle-endian -mxl-barrel-shift -mxl-pattern-compare -mcpu=v10.0 -mno-xl-soft-mul -Wl,--no-relax -ffunction-sections -fdata-sections -MMD -MP -MF"src/main.d" -MT"src/main.o" -o "src/main.o" "../src/main.c"
'Finished building: ../src/main.c'
' '
'Building target: port_test.elf'
'Invoking: MicroBlaze gcc linker'
mb-gcc -Wl,-T -Wl,../src/lscript.ld -L../../port_test_bsp/microblaze_0/lib -mlittle-endian -mxl-barrel-shift -mxl-pattern-compare -mcpu=v10.0 -mno-xl-soft-mul -Wl,--no-relax -Wl,--gc-sections -o "port_test.elf"  ./src/SysInitialize.o ./src/func.o ./src/main.o   -Wl,--start-group,-lxil,-lgcc,-lc,--end-group
'Finished building target: port_test.elf'
' '
'Invoking: MicroBlaze Print Size'
mb-size port_test.elf  |tee "port_test.elf.size"
   text	   data	    bss	    dec	    hex	filename
  19092	    460	   3584	  23136	   5a60	port_test.elf
'Finished building: port_test.elf.size'
' '
15:19:58 **** Incremental Build of configuration Debug for project port_test ****
make all 
'Building file: ../src/SysInitialize.c'
'Invoking: MicroBlaze gcc compiler'
mb-gcc -Wall -O0 -g3 -c -fmessage-length=0 -MT"src/SysInitialize.o" -I../../port_test_bsp/microblaze_0/include -mno-xl-reorder -mlittle-endian -mxl-barrel-shift -mxl-pattern-compare -mcpu=v10.0 -mno-xl-soft-mul -Wl,--no-relax -ffunction-sections -fdata-sections -MMD -MP -MF"src/SysInitialize.d" -MT"src/SysInitialize.o" -o "src/SysInitialize.o" "../src/SysInitialize.c"
'Finished building: ../src/SysInitialize.c'
' '
'Building file: ../src/main.c'
'Invoking: MicroBlaze gcc compiler'
mb-gcc -Wall -O0 -g3 -c -fmessage-length=0 -MT"src/main.o" -I../../port_test_bsp/microblaze_0/include -mno-xl-reorder -mlittle-endian -mxl-barrel-shift -mxl-pattern-compare -mcpu=v10.0 -mno-xl-soft-mul -Wl,--no-relax -ffunction-sections -fdata-sections -MMD -MP -MF"src/main.d" -MT"src/main.o" -o "src/main.o" "../src/main.c"
'Finished building: ../src/main.c'
' '
'Building target: port_test.elf'
'Invoking: MicroBlaze gcc linker'
mb-gcc -Wl,-T -Wl,../src/lscript.ld -L../../port_test_bsp/microblaze_0/lib -mlittle-endian -mxl-barrel-shift -mxl-pattern-compare -mcpu=v10.0 -mno-xl-soft-mul -Wl,--no-relax -Wl,--gc-sections -o "port_test.elf"  ./src/SysInitialize.o ./src/func.o ./src/main.o   -Wl,--start-group,-lxil,-lgcc,-lc,--end-group
'Finished building target: port_test.elf'
' '
'Invoking: MicroBlaze Print Size'
mb-size port_test.elf  |tee "port_test.elf.size"
   text	   data	    bss	    dec	    hex	filename
  19092	    460	   3584	  23136	   5a60	port_test.elf
'Finished building: port_test.elf.size'
' '
15:25:15 **** Auto Build of configuration Debug for project port_test ****
make all 
'Building file: ../src/main.c'
'Invoking: MicroBlaze gcc compiler'
mb-gcc -Wall -O0 -g3 -c -fmessage-length=0 -MT"src/main.o" -I../../port_test_bsp/microblaze_0/include -mno-xl-reorder -mlittle-endian -mxl-barrel-shift -mxl-pattern-compare -mcpu=v10.0 -mno-xl-soft-mul -Wl,--no-relax -ffunction-sections -fdata-sections -MMD -MP -MF"src/main.d" -MT"src/main.o" -o "src/main.o" "../src/main.c"
../src/main.c: In function 'main':
../src/main.c:90:5: warning: variable 'sendbuf' set but not used [-Wunused-but-set-variable]
  u8 sendbuf[TEST_BUFFER_SIZE];
     ^~~~~~~
'Finished building: ../src/main.c'
' '
'Building target: port_test.elf'
'Invoking: MicroBlaze gcc linker'
mb-gcc -Wl,-T -Wl,../src/lscript.ld -L../../port_test_bsp/microblaze_0/lib -mlittle-endian -mxl-barrel-shift -mxl-pattern-compare -mcpu=v10.0 -mno-xl-soft-mul -Wl,--no-relax -Wl,--gc-sections -o "port_test.elf"  ./src/SysInitialize.o ./src/func.o ./src/main.o   -Wl,--start-group,-lxil,-lgcc,-lc,--end-group
'Finished building target: port_test.elf'
' '
'Invoking: MicroBlaze Print Size'
mb-size port_test.elf  |tee "port_test.elf.size"
   text	   data	    bss	    dec	    hex	filename
  19092	    460	   3584	  23136	   5a60	port_test.elf
'Finished building: port_test.elf.size'
' '
15:25:23 **** Incremental Build of configuration Debug for project port_test ****
make all 
make: Nothing to be done for `all'.
15:51:18 **** Auto Build of configuration Debug for project port_test ****
make all 
'Building file: ../src/main.c'
'Invoking: MicroBlaze gcc compiler'
mb-gcc -Wall -O0 -g3 -c -fmessage-length=0 -MT"src/main.o" -I../../port_test_bsp/microblaze_0/include -mno-xl-reorder -mlittle-endian -mxl-barrel-shift -mxl-pattern-compare -mcpu=v10.0 -mno-xl-soft-mul -Wl,--no-relax -ffunction-sections -fdata-sections -MMD -MP -MF"src/main.d" -MT"src/main.o" -o "src/main.o" "../src/main.c"
../src/main.c: In function 'main':
../src/main.c:90:5: warning: variable 'sendbuf' set but not used [-Wunused-but-set-variable]
  u8 sendbuf[TEST_BUFFER_SIZE];
     ^~~~~~~
'Finished building: ../src/main.c'
' '
'Building target: port_test.elf'
'Invoking: MicroBlaze gcc linker'
mb-gcc -Wl,-T -Wl,../src/lscript.ld -L../../port_test_bsp/microblaze_0/lib -mlittle-endian -mxl-barrel-shift -mxl-pattern-compare -mcpu=v10.0 -mno-xl-soft-mul -Wl,--no-relax -Wl,--gc-sections -o "port_test.elf"  ./src/SysInitialize.o ./src/func.o ./src/main.o   -Wl,--start-group,-lxil,-lgcc,-lc,--end-group
'Finished building target: port_test.elf'
' '
'Invoking: MicroBlaze Print Size'
mb-size port_test.elf  |tee "port_test.elf.size"
   text	   data	    bss	    dec	    hex	filename
  19092	    460	   3584	  23136	   5a60	port_test.elf
'Finished building: port_test.elf.size'
' '
15:51:21 **** Incremental Build of configuration Debug for project port_test ****
make all 
make: Nothing to be done for `all'.
15:52:40 **** Auto Build of configuration Debug for project port_test ****
make all 
'Building file: ../src/main.c'
'Invoking: MicroBlaze gcc compiler'
mb-gcc -Wall -O0 -g3 -c -fmessage-length=0 -MT"src/main.o" -I../../port_test_bsp/microblaze_0/include -mno-xl-reorder -mlittle-endian -mxl-barrel-shift -mxl-pattern-compare -mcpu=v10.0 -mno-xl-soft-mul -Wl,--no-relax -ffunction-sections -fdata-sections -MMD -MP -MF"src/main.d" -MT"src/main.o" -o "src/main.o" "../src/main.c"
../src/main.c: In function 'main':
../src/main.c:161:26: warning: passing argument 2 of 'XUartLite_Send' makes pointer from integer without a cast [-Wint-conversion]
   XUartLite_Send(&Uart2, recvbuf[0], 1);
                          ^~~~~~~
In file included from ../src/SysInitialize.h:13:0,
                 from ../src/main.c:8:
../../port_test_bsp/microblaze_0/include/xuartlite.h:256:14: note: expected 'u8 * {aka unsigned char *}' but argument is of type 'u8 {aka unsigned char}'
 unsigned int XUartLite_Send(XUartLite *InstancePtr, u8 *DataBufferPtr,
              ^~~~~~~~~~~~~~
../src/main.c:162:26: warning: passing argument 2 of 'XUartLite_Send' makes pointer from integer without a cast [-Wint-conversion]
   XUartLite_Send(&Uart2, recvbuf[1], 1);
                          ^~~~~~~
In file included from ../src/SysInitialize.h:13:0,
                 from ../src/main.c:8:
../../port_test_bsp/microblaze_0/include/xuartlite.h:256:14: note: expected 'u8 * {aka unsigned char *}' but argument is of type 'u8 {aka unsigned char}'
 unsigned int XUartLite_Send(XUartLite *InstancePtr, u8 *DataBufferPtr,
              ^~~~~~~~~~~~~~
../src/main.c:90:5: warning: variable 'sendbuf' set but not used [-Wunused-but-set-variable]
  u8 sendbuf[TEST_BUFFER_SIZE];
     ^~~~~~~
'Finished building: ../src/main.c'
' '
'Building target: port_test.elf'
'Invoking: MicroBlaze gcc linker'
mb-gcc -Wl,-T -Wl,../src/lscript.ld -L../../port_test_bsp/microblaze_0/lib -mlittle-endian -mxl-barrel-shift -mxl-pattern-compare -mcpu=v10.0 -mno-xl-soft-mul -Wl,--no-relax -Wl,--gc-sections -o "port_test.elf"  ./src/SysInitialize.o ./src/func.o ./src/main.o   -Wl,--start-group,-lxil,-lgcc,-lc,--end-group
'Finished building target: port_test.elf'
' '
'Invoking: MicroBlaze Print Size'
mb-size port_test.elf  |tee "port_test.elf.size"
   text	   data	    bss	    dec	    hex	filename
  19156	    460	   3584	  23200	   5aa0	port_test.elf
'Finished building: port_test.elf.size'
' '
15:52:59 **** Auto Build of configuration Debug for project port_test ****
make all 
'Building file: ../src/main.c'
'Invoking: MicroBlaze gcc compiler'
mb-gcc -Wall -O0 -g3 -c -fmessage-length=0 -MT"src/main.o" -I../../port_test_bsp/microblaze_0/include -mno-xl-reorder -mlittle-endian -mxl-barrel-shift -mxl-pattern-compare -mcpu=v10.0 -mno-xl-soft-mul -Wl,--no-relax -ffunction-sections -fdata-sections -MMD -MP -MF"src/main.d" -MT"src/main.o" -o "src/main.o" "../src/main.c"
../src/main.c: In function 'main':
../src/main.c:90:5: warning: variable 'sendbuf' set but not used [-Wunused-but-set-variable]
  u8 sendbuf[TEST_BUFFER_SIZE];
     ^~~~~~~
'Finished building: ../src/main.c'
' '
'Building target: port_test.elf'
'Invoking: MicroBlaze gcc linker'
mb-gcc -Wl,-T -Wl,../src/lscript.ld -L../../port_test_bsp/microblaze_0/lib -mlittle-endian -mxl-barrel-shift -mxl-pattern-compare -mcpu=v10.0 -mno-xl-soft-mul -Wl,--no-relax -Wl,--gc-sections -o "port_test.elf"  ./src/SysInitialize.o ./src/func.o ./src/main.o   -Wl,--start-group,-lxil,-lgcc,-lc,--end-group
'Finished building target: port_test.elf'
' '
'Invoking: MicroBlaze Print Size'
mb-size port_test.elf  |tee "port_test.elf.size"
   text	   data	    bss	    dec	    hex	filename
  19160	    460	   3580	  23200	   5aa0	port_test.elf
'Finished building: port_test.elf.size'
' '
15:53:01 **** Incremental Build of configuration Debug for project port_test ****
make all 
make: Nothing to be done for `all'.
15:54:11 **** Auto Build of configuration Debug for project port_test ****
make all 
'Building file: ../src/main.c'
'Invoking: MicroBlaze gcc compiler'
mb-gcc -Wall -O0 -g3 -c -fmessage-length=0 -MT"src/main.o" -I../../port_test_bsp/microblaze_0/include -mno-xl-reorder -mlittle-endian -mxl-barrel-shift -mxl-pattern-compare -mcpu=v10.0 -mno-xl-soft-mul -Wl,--no-relax -ffunction-sections -fdata-sections -MMD -MP -MF"src/main.d" -MT"src/main.o" -o "src/main.o" "../src/main.c"
../src/main.c: In function 'main':
../src/main.c:90:5: warning: variable 'sendbuf' set but not used [-Wunused-but-set-variable]
  u8 sendbuf[TEST_BUFFER_SIZE];
     ^~~~~~~
'Finished building: ../src/main.c'
' '
'Building target: port_test.elf'
'Invoking: MicroBlaze gcc linker'
mb-gcc -Wl,-T -Wl,../src/lscript.ld -L../../port_test_bsp/microblaze_0/lib -mlittle-endian -mxl-barrel-shift -mxl-pattern-compare -mcpu=v10.0 -mno-xl-soft-mul -Wl,--no-relax -Wl,--gc-sections -o "port_test.elf"  ./src/SysInitialize.o ./src/func.o ./src/main.o   -Wl,--start-group,-lxil,-lgcc,-lc,--end-group
'Finished building target: port_test.elf'
' '
'Invoking: MicroBlaze Print Size'
mb-size port_test.elf  |tee "port_test.elf.size"
   text	   data	    bss	    dec	    hex	filename
  19160	    460	   3580	  23200	   5aa0	port_test.elf
'Finished building: port_test.elf.size'
' '
15:54:14 **** Incremental Build of configuration Debug for project port_test ****
make all 
make: Nothing to be done for `all'.
15:54:28 **** Auto Build of configuration Debug for project port_test ****
make all 
'Building file: ../src/main.c'
'Invoking: MicroBlaze gcc compiler'
mb-gcc -Wall -O0 -g3 -c -fmessage-length=0 -MT"src/main.o" -I../../port_test_bsp/microblaze_0/include -mno-xl-reorder -mlittle-endian -mxl-barrel-shift -mxl-pattern-compare -mcpu=v10.0 -mno-xl-soft-mul -Wl,--no-relax -ffunction-sections -fdata-sections -MMD -MP -MF"src/main.d" -MT"src/main.o" -o "src/main.o" "../src/main.c"
../src/main.c: In function 'main':
../src/main.c:90:5: warning: variable 'sendbuf' set but not used [-Wunused-but-set-variable]
  u8 sendbuf[TEST_BUFFER_SIZE];
     ^~~~~~~
'Finished building: ../src/main.c'
' '
'Building target: port_test.elf'
'Invoking: MicroBlaze gcc linker'
mb-gcc -Wl,-T -Wl,../src/lscript.ld -L../../port_test_bsp/microblaze_0/lib -mlittle-endian -mxl-barrel-shift -mxl-pattern-compare -mcpu=v10.0 -mno-xl-soft-mul -Wl,--no-relax -Wl,--gc-sections -o "port_test.elf"  ./src/SysInitialize.o ./src/func.o ./src/main.o   -Wl,--start-group,-lxil,-lgcc,-lc,--end-group
'Finished building target: port_test.elf'
' '
'Invoking: MicroBlaze Print Size'
mb-size port_test.elf  |tee "port_test.elf.size"
   text	   data	    bss	    dec	    hex	filename
  19092	    460	   3584	  23136	   5a60	port_test.elf
'Finished building: port_test.elf.size'
' '
15:55:37 **** Incremental Build of configuration Debug for project port_test ****
make all 
make: Nothing to be done for `all'.
16:03:20 **** Incremental Build of configuration Debug for project port_test ****
make all 
make: Nothing to be done for `all'.
