10:50:17 **** Build of configuration Debug for project port_test_bsp_xuartlite_intr_example_1 ****
make all 
'Building file: ../src/xuartlite_intr_example.c'
'Invoking: MicroBlaze gcc compiler'
mb-gcc -Wall -O0 -g3 -c -fmessage-length=0 -MT"src/xuartlite_intr_example.o" -I../../port_test_bsp/microblaze_0/include -mno-xl-reorder -mlittle-endian -mxl-barrel-shift -mxl-pattern-compare -mcpu=v10.0 -mno-xl-soft-mul -Wl,--no-relax -ffunction-sections -fdata-sections -MMD -MP -MF"src/xuartlite_intr_example.d" -MT"src/xuartlite_intr_example.o" -o "src/xuartlite_intr_example.o" "../src/xuartlite_intr_example.c"
'Finished building: ../src/xuartlite_intr_example.c'
' '
'Building target: port_test_bsp_xuartlite_intr_example_1.elf'
'Invoking: MicroBlaze gcc linker'
mb-gcc -Wl,-T -Wl,../src/lscript.ld -L../../port_test_bsp/microblaze_0/lib -mlittle-endian -mxl-barrel-shift -mxl-pattern-compare -mcpu=v10.0 -mno-xl-soft-mul -Wl,--no-relax -Wl,--gc-sections -o "port_test_bsp_xuartlite_intr_example_1.elf"  ./src/xuartlite_intr_example.o   -Wl,--start-group,-lxil,-lgcc,-lc,--end-group
'Finished building target: port_test_bsp_xuartlite_intr_example_1.elf'
' '
'Invoking: MicroBlaze Print Size'
mb-size port_test_bsp_xuartlite_intr_example_1.elf  |tee "port_test_bsp_xuartlite_intr_example_1.elf.size"
   text	   data	    bss	    dec	    hex	filename
  10600	    396	   3548	  14544	   38d0	port_test_bsp_xuartlite_intr_example_1.elf
'Finished building: port_test_bsp_xuartlite_intr_example_1.elf.size'
' '

10:50:17 Build Finished (took 684ms)

